
------ file D:\pmos2\src\Conversions.mod
_TEXT   10000 Conversions_atoi
_TEXT   10050 Conversions_StringToHex
_TEXT   101A0 Conversions_StringToCardinal
_TEXT   101F0 Conversions_StringToLongCard
_TEXT   102E0 Conversions_StringToCard64
_TEXT   103F0 Conversions_StringToReal
_TEXT   10480 Conversions_StringToLongReal
_TEXT   106C0 Conversions_HexToChar
_TEXT   10710 Conversions_HexByteToString
_TEXT   10780 Conversions_HexToString
_TEXT   107F0 Conversions_LongHexToString
_TEXT   10850 Conversions_ShortCardToString
_TEXT   10870 Conversions_CardinalToString
_TEXT   10890 Conversions_LongCardToString
_TEXT   10970 Conversions_Card64ToString
_TEXT   10A60 Conversions_RealToString
_TEXT   10A90 Conversions_LongRealToString
_TEXT   10C20 Conversions_CardinalToStringLJ
_TEXT   10C70 Conversions_Card64ToStringLJ
_TEXT   10CD0 Conversions_RealToF
_TEXT   10D00 Conversions_LongRealToF
_TEXT   11570 Conversions_BEGIN

------ file D:\Dev1\WebServe\src\Domains.mod
_TEXT   115A0 Domains_UpdateDomainList
_TEXT   11600 Domains_OpenDomain
_TEXT   11690 Domains_CloseDomain
_TEXT   116A0 Domains_LocateFile
_TEXT   11A30 Domains_DirOf
_TEXT   11B00 Domains_SizeOf
_TEXT   12210 Domains_BEGIN

------ file D:\pmos2\src\Exceptq.mod
_TEXT   12280 Exceptq_EqSetInfo
_TEXT   12330 Exceptq_InstallExceptq
_TEXT   12370 Exceptq_UninstallExceptq
_TEXT   12510 Exceptq_BEGIN

------ file D:\Dev1\WebServe\src\ExecCGI.mod
_TEXT   12560 ExecCGI_ExecProgram
_TEXT   12950 ExecCGI_BEGIN

------ file D:\pmos2\src\FileOps.mod
_TEXT   12980 FileOps_FreeSpace
_TEXT   12A20 FileOps_GetCurrentDirectory
_TEXT   12A80 FileOps_GetEXEDirectory
_TEXT   12B00 FileOps_OpenOldFile
_TEXT   12BF0 FileOps_OpenNewFile
_TEXT   12CD0 FileOps_OpenNewFile1
_TEXT   12D30 FileOps_OpenNewHiddenFile
_TEXT   12D90 FileOps_OpenAtEnd
_TEXT   12E50 FileOps_CloseFile
_TEXT   12E70 FileOps_Flush
_TEXT   12E90 FileOps_HideFile
_TEXT   12F00 FileOps_Exists
_TEXT   12F90 FileOps_DeleteFile
_TEXT   12FF0 FileOps_CreateFile
_TEXT   13060 FileOps_MoveFile
_TEXT   130F0 FileOps_CopyFile
_TEXT   13190 FileOps_AppendFile
_TEXT   13230 FileOps_CurrentPosition
_TEXT   132A0 FileOps_StartPosition
_TEXT   132C0 FileOps_EndPosition
_TEXT   133A0 FileOps_SetPosition
_TEXT   13400 FileOps_GetFileSize
_TEXT   134C0 FileOps_SetFileSize
_TEXT   13520 FileOps_ReadRaw
_TEXT   13540 FileOps_ReadLine
_TEXT   135E0 FileOps_WriteRaw
_TEXT   13610 FileOps_WriteRawV
_TEXT   13670 FileOps_FWriteChar
_TEXT   13690 FileOps_FWriteString
_TEXT   13700 FileOps_FWriteLn
_TEXT   13720 FileOps_FWriteHexByte
_TEXT   13750 FileOps_FWriteCard
_TEXT   13790 FileOps_FWriteCard64
_TEXT   137D0 FileOps_FWriteZCard
_TEXT   13830 FileOps_FWriteLJCard
_TEXT   13860 FileOps_FWriteLJCard64
_TEXT   138A0 FileOps_FirstDirEntry
_TEXT   13950 FileOps_NextDirEntry
_TEXT   13980 FileOps_DirSearchDone
_TEXT   139A0 FileOps_GetProgName
_TEXT   14320 FileOps_BEGIN

------ file D:\dev1\general\src\Heap.mod
_TEXT   14370 Heap_ALLOCATE
_TEXT   143C0 Heap_DEALLOCATE
_TEXT   14400 Heap_EnableHeapLogging
_TEXT   14450 Heap_StopHeapLogging
_TEXT   14480 Heap_SayHeapCount
_TEXT   14550 Heap_StartTracking
_TEXT   145F0 Heap_TrackUpdate
_TEXT   14810 Heap_BEGIN

------ file D:\dev1\general\src\INIData.mod
_TEXT   14890 INIData_OpenINIFile
_TEXT   14970 INIData_CreateINIFile
_TEXT   14A40 INIData_INIValid
_TEXT   14A50 INIData_CloseINIFile
_TEXT   14A90 INIData_ItemSize
_TEXT   14B60 INIData_INIGetTrusted
_TEXT   14C30 INIData_INIGet
_TEXT   14D50 INIData_INIGetString
_TEXT   14E50 INIData_INIPut
_TEXT   14F00 INIData_INIPutBinary
_TEXT   14FD0 INIData_INIPutString
_TEXT   15050 INIData_GetStringList
_TEXT   15110 INIData_NextString
_TEXT   151B0 INIData_CloseStringList
_TEXT   151E0 INIData_INIDeleteApp
_TEXT   15220 INIData_INIRenameApp
_TEXT   15270 INIData_INIDeleteKey
_TEXT   152F0 INIData_OurDirectory
_TEXT   15310 INIData_SetInitialWindowPosition
_TEXT   154E0 INIData_SetInitialWindowSize
_TEXT   15610 INIData_SetFont
_TEXT   15760 INIData_StoreWindowPosition
_TEXT   15910 INIData_StoreWindowSize
_TEXT   15A40 INIData_StoreFont
_TEXT   15B90 INIData_GetProgramDirectory
_TEXT   15BB0 INIData_SetWorkingDirectory
_TEXT   16060 INIData_BEGIN

------ file D:\Dev1\WebServe\src\InStream.mod
_TEXT   160B0 InStream_OpenIStream
_TEXT   160E0 InStream_CloseIStream
_TEXT   16140 InStream_GetLine
_TEXT   16220 InStream_BEGIN

------ file D:\dev1\general\src\Inet2Misc.mod
_TEXT   16240 Inet2Misc_EVAL
_TEXT   16290 Inet2Misc_StringMatch
_TEXT   16340 Inet2Misc_ToLower
_TEXT   163B0 Inet2Misc_SplitArg
_TEXT   16530 Inet2Misc_NameIsNumeric
_TEXT   165E0 Inet2Misc_IPToString
_TEXT   166F0 Inet2Misc_AddressToHostName
_TEXT   16760 Inet2Misc_WaitForSocket
_TEXT   16790 Inet2Misc_WaitForSocketOut
_TEXT   167C0 Inet2Misc_Synch
_TEXT   16890 Inet2Misc_StringToIP
_TEXT   16960 Inet2Misc_Swap2
_TEXT   16980 Inet2Misc_Swap4
_TEXT   169A0 Inet2Misc_ConvertCard
_TEXT   16A30 Inet2Misc_HexEncodeArray
_TEXT   16B00 Inet2Misc_DecodeHex
_TEXT   16BC0 Inet2Misc_DecodeHexString
_TEXT   16CD0 Inet2Misc_AddEOL
_TEXT   16D40 Inet2Misc_LockScreen
_TEXT   16D50 Inet2Misc_UnlockScreen
_TEXT   16F60 Inet2Misc_BEGIN

------ file D:\dev1\inet\src\InetUtilities.mod
_TEXT   16FA0 InetUtilities_Swap2
_TEXT   16FC0 InetUtilities_Swap4
_TEXT   16FE0 InetUtilities_ToLower
_TEXT   17050 InetUtilities_AppendString
_TEXT   17100 InetUtilities_ConvertCard
_TEXT   17190 InetUtilities_ConvertCard64
_TEXT   17230 InetUtilities_ConvertCardRJ
_TEXT   172C0 InetUtilities_ConvertCard64RJ
_TEXT   17360 InetUtilities_ConvertCardZ
_TEXT   17410 InetUtilities_AppendCard
_TEXT   17460 InetUtilities_ConvertDecimal
_TEXT   174E0 InetUtilities_ConvertDecimal64
_TEXT   175B0 InetUtilities_AddEOL
_TEXT   17620 InetUtilities_CurrentTimeToString
_TEXT   17720 InetUtilities_NameIsNumeric
_TEXT   177D0 InetUtilities_IPToString
_TEXT   178E0 InetUtilities_LockScreen
_TEXT   178F0 InetUtilities_UnlockScreen
_TEXT   17900 InetUtilities_WriteCard
_TEXT   17950 InetUtilities_GetLastError
_TEXT   17970 InetUtilities_Synch
_TEXT   17980 InetUtilities_WaitForSocket
_TEXT   179B0 InetUtilities_WaitForDataSocket
_TEXT   17A10 InetUtilities_OpenLogFile
_TEXT   17A70 InetUtilities_CloseLogFile
_TEXT   17D00 InetUtilities_BEGIN

------ file D:\pmos2\src\LONGLONG.mod
_TEXT   17D80 LONGLONG_Compare64
_TEXT   17DF0 LONGLONG_Add64
_TEXT   17E40 LONGLONG_Sub64
_TEXT   17E90 LONGLONG_ShortSub
_TEXT   17EE0 LONGLONG_Sum64
_TEXT   17F80 LONGLONG_Diff64
_TEXT   18090 LONGLONG_Mul64
_TEXT   18310 LONGLONG_ShortMul64
_TEXT   18360 LONGLONG_LongDiv64
_TEXT   18470 LONGLONG_ShortDiv
_TEXT   184B0 LONGLONG_Div10
_TEXT   184E0 LONGLONG_FLOAT64
_TEXT   18520 LONGLONG_ORDL
_TEXT   185D0 LONGLONG_BEGIN

------ file D:\pmos2\src\LowLevel.mod
_TEXT   185F0 LowLevel_EVAL
_TEXT   18640 LowLevel_Assert
_TEXT   186A0 LowLevel_ALLOCATE64
_TEXT   18730 LowLevel_IAND
_TEXT   18740 LowLevel_IANDB
_TEXT   18760 LowLevel_IOR
_TEXT   18770 LowLevel_IORB
_TEXT   18790 LowLevel_IXOR
_TEXT   187A0 LowLevel_IXORB
_TEXT   187C0 LowLevel_INOT
_TEXT   187E0 LowLevel_INOTB
_TEXT   18810 LowLevel_ROL
_TEXT   18830 LowLevel_ROLB
_TEXT   18850 LowLevel_LS
_TEXT   18880 LowLevel_LSB
_TEXT   188B0 LowLevel_ROR
_TEXT   188E0 LowLevel_RORB
_TEXT   18910 LowLevel_RS
_TEXT   18950 LowLevel_RSB
_TEXT   18990 LowLevel_Far
_TEXT   189A0 LowLevel_MakePointer
_TEXT   189C0 LowLevel_SEGMENT
_TEXT   189D0 LowLevel_FarSEGMENT
_TEXT   189E0 LowLevel_OFFSET
_TEXT   18A00 LowLevel_AddOffset
_TEXT   18A10 LowLevel_SubtractOffset
_TEXT   18A20 LowLevel_FarAddOffset
_TEXT   18A30 LowLevel_FarSubtractOffset
_TEXT   18A40 LowLevel_LowByte
_TEXT   18A60 LowLevel_HighByte
_TEXT   18A80 LowLevel_MakeWord
_TEXT   18AA0 LowLevel_SignExtend
_TEXT   18AB0 LowLevel_LowWord
_TEXT   18AD0 LowLevel_HighWord
_TEXT   18AF0 LowLevel_MakeLongword
_TEXT   18B10 LowLevel_INCV
_TEXT   18B60 LowLevel_INCVB
_TEXT   18BA0 LowLevel_DECV
_TEXT   18BE0 LowLevel_DECVB
_TEXT   18C30 LowLevel_Mul
_TEXT   18C50 LowLevel_MulB
_TEXT   18C70 LowLevel_IMul
_TEXT   18C90 LowLevel_IMulB
_TEXT   18CD0 LowLevel_DivB
_TEXT   18CF0 LowLevel_Div
_TEXT   18D20 LowLevel_Copy
_TEXT   18D50 LowLevel_FarCopy
_TEXT   18D80 LowLevel_CopyUp
_TEXT   18DE0 LowLevel_BlockFill
_TEXT   18E00 LowLevel_BlockFillWord
_TEXT   18E40 LowLevel_BEGIN

------ file D:\Dev1\WebServe\src\MIMEtypes.mod
_TEXT   18E60 MIMEtypes_IdentifyType
_TEXT   193A0 MIMEtypes_BEGIN

------ file D:\Dev1\WebServe\src\Misc.mod
_TEXT   193E0 Misc_MakeNewFilename
_TEXT   19420 Misc_OpenTemporaryFile
_TEXT   19450 Misc_SkipLeadingSpaces
_TEXT   194A0 Misc_MatchLeading
_TEXT   19640 Misc_BEGIN

------ file D:\dev1\general\src\MyClock.mod
_TEXT   19690 MyClock_CorrectToGMT
_TEXT   197A0 MyClock_StringToPackedDateTime
_TEXT   19A30 MyClock_PackedDateTimeToString
_TEXT   19C60 MyClock_PackedDateTimeToGMT
_TEXT   19CB0 MyClock_OurTimezone
_TEXT   19D90 MyClock_FormatCurrentDateTime
_TEXT   19E00 MyClock_CurrentDateAndTime
_TEXT   19E30 MyClock_CurrentDateAndTimeGMT
_TEXT   19E60 MyClock_CompareDateStrings
_TEXT   19EC0 MyClock_PackedCurrentDateTime
_TEXT   19F70 MyClock_CurrentTimeToString
_TEXT   19FA0 MyClock_AppendDateString
_TEXT   19FD0 MyClock_AppendDateTimeString
_TEXT   1A000 MyClock_AppendTimeString
_TEXT   1A0E0 MyClock_AppendSyslogDateTimeString
_TEXT   1B7D0 MyClock_BEGIN

------ file D:\dev1\general\src\Names.mod
_TEXT   1B800 Names_BEGIN

------ file D:\Dev1\WebServe\src\ProgName.mod
_TEXT   1B820 ProgName_GetProgramName
_TEXT   1B870 ProgName_BEGIN

------ file D:\pmos2\src\Queues.mod
_TEXT   1B8A0 Queues_CreateQueue
_TEXT   1B8E0 Queues_DestroyQueue
_TEXT   1B940 Queues_AddToQueue
_TEXT   1B9A0 Queues_TakeFromQueue
_TEXT   1B9F0 Queues_TakeFromQueueTimed
_TEXT   1BA60 Queues_Empty
_TEXT   1BA90 Queues_BEGIN

------ file D:\Dev1\WebServe\src\Requests.mod
_TEXT   1BAC0 Requests_LContext
_TEXT   1BAD0 Requests_LoadReqINIData
_TEXT   1BB40 Requests_OpenSession
_TEXT   1BBE0 Requests_CloseSession
_TEXT   1BC10 Requests_HandleOneRequest
_TEXT   1D440 Requests_BEGIN

------ file D:\Dev1\WebServe\src\SSI.mod
_TEXT   1D500 SSI_ProcessSSI
_TEXT   1DD10 SSI_BEGIN

------ file D:\pmos2\src\Semaphores.mod
_TEXT   1DD60 Semaphores_CreateSemaphore
_TEXT   1DDA0 Semaphores_DestroySemaphore
_TEXT   1DDC0 Semaphores_Wait
_TEXT   1DE60 Semaphores_TimedWaitInternal
_TEXT   1DF90 Semaphores_Signal
_TEXT   1E010 Semaphores_BEGIN

------ file D:\pmos2\src\SplitScreen.mod
_TEXT   1E030 SplitScreen_NotDetached
_TEXT   1E040 SplitScreen_LockScreen
_TEXT   1E060 SplitScreen_UnlockScreen
_TEXT   1E080 SplitScreen_SetBoundary
_TEXT   1E0B0 SplitScreen_ClearScreen
_TEXT   1E100 SplitScreen_ReleaseScreen
_TEXT   1E140 SplitScreen_RegainScreen
_TEXT   1E190 SplitScreen_WriteChar
_TEXT   1E1B0 SplitScreen_WriteString
_TEXT   1E310 SplitScreen_WriteLn
_TEXT   1E3B0 SplitScreen_SetCursor
_TEXT   1E400 SplitScreen_WriteInt
_TEXT   1E430 SplitScreen_WriteCard
_TEXT   1E480 SplitScreen_WriteStringAt
_TEXT   1E650 SplitScreen_BEGIN

------ file D:\dev1\general\src\TNIData.mod
_TEXT   1E6C0 TNIData_OpenTNIFile
_TEXT   1E7F0 TNIData_CreateTNIFile
_TEXT   1E8B0 TNIData_CloseTNIFile
_TEXT   1E960 TNIData_ItemSize
_TEXT   1E9A0 TNIData_INIGetTrusted
_TEXT   1EA40 TNIData_INIGetString
_TEXT   1EB00 TNIData_INIPutBinary
_TEXT   1EB90 TNIData_INIDeleteApp
_TEXT   1EC20 TNIData_INIDeleteKey
_TEXT   215B0 TNIData_BEGIN

------ file D:\pmos2\src\TaskControl.mod
_TEXT   21630 TaskControl_CreateTask
_TEXT   21670 TaskControl_CreateTask1
_TEXT   216B0 TaskControl_TaskExit
_TEXT   217A0 TaskControl_ThreadCount
_TEXT   217B0 TaskControl_Crash
_TEXT   21820 TaskControl_CreateLock
_TEXT   21850 TaskControl_DestroyLock
_TEXT   21880 TaskControl_Obtain
_TEXT   218B0 TaskControl_Release
_TEXT   218D0 TaskControl_CurrentTaskID
_TEXT   21900 TaskControl_SuspendMe
_TEXT   21960 TaskControl_ResumeTask
_TEXT   21EA0 TaskControl_BEGIN

------ file D:\pmos2\src\Timer.mod
_TEXT   21F20 Timer_Sleep
_TEXT   21F40 Timer_TimedWait
_TEXT   21F60 Timer_TimedWaitSpecial
_TEXT   21F80 Timer_BEGIN

------ file D:\dev1\general\src\TransLog.mod
_TEXT   21FA0 TransLog_SetProcname
_TEXT   22040 TransLog_SetSyslogHost
_TEXT   220E0 TransLog_UpdateTopScreenLine
_TEXT   22180 TransLog_OpenLogContext
_TEXT   221C0 TransLog_CloseLogContext
_TEXT   221F0 TransLog_StartTransactionLogging
_TEXT   22350 TransLog_GetLogPrefix
_TEXT   22370 TransLog_DummyLogID
_TEXT   22380 TransLog_CreateLogID
_TEXT   22400 TransLog_DiscardLogID
_TEXT   22420 TransLog_LogTransaction
_TEXT   224B0 TransLog_LogTransactionL
_TEXT   23340 TransLog_BEGIN

------ file D:\pmos2\src\Types.mod
_TEXT   23490 Types_BEGIN

------ file D:\Dev1\WebServe\src\WSV.mod
_TEXT   234B0 WSV_BEGIN

------ file D:\Dev1\WebServe\SRC\wsession.mod
_TEXT   234D0 WSession_NewSession
_TEXT   23550 WSession_SetSessionParameters
_TEXT   235C0 WSession_NumberOfClients
_TEXT   23BE0 WSession_BEGIN

------ file D:\Dev1\WebServe\src\WebServe.mod
_TEXT   246E0 main

------ file D:\pmos2\src\WildCard.mod
_TEXT   24840 WildCard_WildMatch
_TEXT   24A50 WildCard_WildMatchS
_TEXT   24FF0 WildCard_BEGIN

------ file .\xstart.asm (library D:\APPS\XDS\lib\x86\xstart.lib)
_TEXT   25010 xStart
_TEXT   2502C X2C_FINALLY
_TEXT   25031 X2C_INIT_HISTORY
_TEXT   2504B X2C_MODULE
_TEXT   25060 X2C_GetMyHandle

------ file E:\XDSOS2\src\syslib\COROUTIN.mod (library D:\APPS\XDS\lib\x86\libxdsmt.lib)
_TEXT   25070 COROUTINES_ATTACH
_TEXT   250A0 COROUTINES_CURRENT
_TEXT   250B0 COROUTINES_DETACH
_TEXT   25100 COROUTINES_HANDLER
_TEXT   25110 COROUTINES_IOTRANSFER
_TEXT   25130 COROUTINES_IsATTACHED
_TEXT   25150 COROUTINES_LISTEN
_TEXT   25170 COROUTINES_NEWCOROUTINE
_TEXT   251A0 COROUTINES_PROT
_TEXT   251B0 COROUTINES_TRANSFER
_TEXT   251D0 COROUTINES_BEGIN

------ file E:\XDSOS2\src\isoimp\ChanCons.mod (library D:\APPS\XDS\lib\x86\libxdsmt.lib)
_TEXT   25220 ChanConsts_BEGIN

------ file E:\XDSOS2\src\isoimp\CharClas.mod (library D:\APPS\XDS\lib\x86\libxdsmt.lib)
_TEXT   25240 CharClass_IsControl
_TEXT   25260 CharClass_IsLetter
_TEXT   25280 CharClass_IsLower
_TEXT   252A0 CharClass_IsNumeric
_TEXT   252C0 CharClass_IsUpper
_TEXT   252E0 CharClass_IsWhiteSpace
_TEXT   25300 CharClass_BEGIN

------ file E:\XDSOS2\src\ulib\CtrlC.mod (library D:\APPS\XDS\lib\x86\libxdsmt.lib)
_TEXT   25320 CtrlC_IsCtrlCException
_TEXT   25350 CtrlC_SetBreakHandler
_TEXT   25360 CtrlC_BEGIN

------ file E:\XDSOS2\src\syslib\EXCEPTIO.mod (library D:\APPS\XDS\lib\x86\libxdsmt.lib)
_TEXT   25390 EXCEPTIONS_AllocateSource
_TEXT   253F0 EXCEPTIONS_CurrentNumber
_TEXT   25460 EXCEPTIONS_GetMessage
_TEXT   254B0 EXCEPTIONS_IsCurrentSource
_TEXT   254E0 EXCEPTIONS_IsExceptionalExecution
_TEXT   25500 EXCEPTIONS_RAISE
_TEXT   25570 EXCEPTIONS_BEGIN

------ file E:\XDSOS2\src\ulib\FileSys.mod (library D:\APPS\XDS\lib\x86\libxdsmt.lib)
_TEXT   25590 FileSys_CloseDir
_TEXT   255C0 FileSys_CreateDirectory
_TEXT   255E0 FileSys_Exists
_TEXT   25600 FileSys_FullName
_TEXT   25670 FileSys_GetCDName
_TEXT   25690 FileSys_GetCDNameLength
_TEXT   256A0 FileSys_GetName
_TEXT   256C0 FileSys_ModifyTime
_TEXT   256F0 FileSys_NextDirEntry
_TEXT   25730 FileSys_OpenDir
_TEXT   257E0 FileSys_Remove
_TEXT   25810 FileSys_RemoveDirectory
_TEXT   25830 FileSys_Rename
_TEXT   25880 FileSys_SetCD
_TEXT   25AE0 FileSys_BEGIN

------ file E:\XDSOS2\src\isoimp\IOChan.mod (library D:\APPS\XDS\lib\x86\libxdsmt.lib)
_TEXT   25B10 IOChan_ChanException
_TEXT   25B20 IOChan_CurrentFlags
_TEXT   25B30 IOChan_DeviceError
_TEXT   25B40 IOChan_Flush
_TEXT   25B50 IOChan_GetName
_TEXT   25B70 IOChan_InvalidChan
_TEXT   25B80 IOChan_IsChanException
_TEXT   25B90 IOChan_Look
_TEXT   25BB0 IOChan_RawRead
_TEXT   25BD0 IOChan_RawWrite
_TEXT   25BF0 IOChan_ReadResult
_TEXT   25C00 IOChan_Reset
_TEXT   25C10 IOChan_SetReadResult
_TEXT   25C20 IOChan_Skip
_TEXT   25C30 IOChan_SkipLook
_TEXT   25C50 IOChan_TextRead
_TEXT   25C70 IOChan_TextWrite
_TEXT   25C90 IOChan_WriteLn
_TEXT   25CA0 IOChan_BEGIN

------ file E:\XDSOS2\src\isoimp\IOConsts.mod (library D:\APPS\XDS\lib\x86\libxdsmt.lib)
_TEXT   25D00 IOConsts_BEGIN

------ file E:\XDSOS2\src\isoimp\IOLink.mod (library D:\APPS\XDS\lib\x86\libxdsmt.lib)
_TEXT   25D20 IOLink_AllocateDeviceId
_TEXT   25D30 IOLink_DeviceTablePtrValue
_TEXT   25DA0 IOLink_IOException
_TEXT   25DD0 IOLink_IsDevice
_TEXT   25DF0 IOLink_IsIOException
_TEXT   25E00 IOLink_MakeChan
_TEXT   25E50 IOLink_RAISEdevException
_TEXT   25ED0 IOLink_UnMakeChan
_TEXT   260F0 IOLink_BEGIN

------ file E:\XDSOS2\src\syslib\M2EXCEPT.mod (library D:\APPS\XDS\lib\x86\libxdsmt.lib)
_TEXT   261E0 M2EXCEPTION_IsM2Exception
_TEXT   26210 M2EXCEPTION_M2Exception
_TEXT   26280 M2EXCEPTION_BEGIN

------ file E:\XDSOS2\src\isoimp\Processe.mod (library D:\APPS\XDS\lib\x86\libxdsmt.lib)
_TEXT   262B0 Processes_Activate
_TEXT   262E0 Processes_Attach
_TEXT   26310 Processes_Create
_TEXT   26480 Processes_Detach
_TEXT   264F0 Processes_Handler
_TEXT   26560 Processes_IsAttached
_TEXT   265B0 Processes_IsProcessesException
_TEXT   265C0 Processes_Me
_TEXT   265F0 Processes_MyParam
_TEXT   26600 Processes_ProcessesException
_TEXT   26610 Processes_Start
_TEXT   26640 Processes_StopMe
_TEXT   266A0 Processes_SuspendMe
_TEXT   266D0 Processes_SuspendMeAndActivate
_TEXT   266F0 Processes_Switch
_TEXT   26720 Processes_UrgencyOf
_TEXT   26730 Processes_Wait
_TEXT   26A10 Processes_BEGIN

------ file E:\XDSOS2\src\isoimp\ProgramA.mod (library D:\APPS\XDS\lib\x86\libxdsmt.lib)
_TEXT   26A40 ProgramArgs_ArgChan
_TEXT   26A60 ProgramArgs_IsArgPresent
_TEXT   26B00 ProgramArgs_NextArg
_TEXT   26E50 ProgramArgs_BEGIN

------ file E:\XDSOS2\src\isoimp\STextIO.mod (library D:\APPS\XDS\lib\x86\libxdsmt.lib)
_TEXT   26EC0 STextIO_ReadChar
_TEXT   26EE0 STextIO_ReadRestLine
_TEXT   26F00 STextIO_ReadString
_TEXT   26F20 STextIO_ReadToken
_TEXT   26F40 STextIO_SkipLine
_TEXT   26F50 STextIO_WriteChar
_TEXT   26F70 STextIO_WriteLn
_TEXT   26F80 STextIO_WriteString
_TEXT   26FA0 STextIO_BEGIN

------ file E:\XDSOS2\src\isoimp\StdChans.mod (library D:\APPS\XDS\lib\x86\libxdsmt.lib)
_TEXT   26FC0 StdChans_ErrChan
_TEXT   26FD0 StdChans_InChan
_TEXT   26FE0 StdChans_NullChan
_TEXT   26FF0 StdChans_OutChan
_TEXT   27000 StdChans_SetErrChan
_TEXT   27020 StdChans_SetInChan
_TEXT   27040 StdChans_SetOutChan
_TEXT   27060 StdChans_StdErrChan
_TEXT   27070 StdChans_StdInChan
_TEXT   27080 StdChans_StdOutChan
_TEXT   272A0 StdChans_BEGIN

------ file E:\XDSOS2\src\isoimp\Storage.mod (library D:\APPS\XDS\lib\x86\libxdsmt.lib)
_TEXT   27320 Storage_ALLOCATE
_TEXT   27340 Storage_DEALLOCATE
_TEXT   27370 Storage_IsStorageException
_TEXT   27380 Storage_StorageException
_TEXT   27390 Storage_BEGIN

------ file E:\XDSOS2\src\isoimp\Strings.mod (library D:\APPS\XDS\lib\x86\libxdsmt.lib)
_TEXT   273B0 Strings_Append
_TEXT   27460 Strings_Assign
_TEXT   274F0 Strings_CanAppendAll
_TEXT   27510 Strings_CanAssignAll
_TEXT   27520 Strings_CanConcatAll
_TEXT   27540 Strings_CanDeleteAll
_TEXT   27560 Strings_CanExtractAll
_TEXT   27580 Strings_CanInsertAll
_TEXT   275B0 Strings_CanReplaceAll
_TEXT   275E0 Strings_Capitalize
_TEXT   27620 Strings_Compare
_TEXT   27640 Strings_Concat
_TEXT   276F0 Strings_Delete
_TEXT   27740 Strings_Equal
_TEXT   27770 Strings_Extract
_TEXT   27830 Strings_FindDiff
_TEXT   27890 Strings_FindNext
_TEXT   27930 Strings_FindPrev
_TEXT   279D0 Strings_Insert
_TEXT   27AD0 Strings_Length
_TEXT   27AF0 Strings_Replace
_TEXT   27B90 Strings_BEGIN

------ file E:\XDSOS2\src\isoimp\SysClock.mod (library D:\APPS\XDS\lib\x86\libxdsmt.lib)
_TEXT   27BB0 SysClock_CanGetClock
_TEXT   27BC0 SysClock_CanSetClock
_TEXT   27BD0 SysClock_GetClock
_TEXT   27D60 SysClock_IsValidDateTime
_TEXT   27DF0 SysClock_SetClock
_TEXT   27E90 SysClock_BEGIN

------ file E:\XDSOS2\src\syslib\TERMINAT.mod (library D:\APPS\XDS\lib\x86\libxdsmt.lib)
_TEXT   27EB0 TERMINATION_HasHalted
_TEXT   27EC0 TERMINATION_IsTerminating
_TEXT   27ED0 X2C_HALT
_TEXT   27EF0 X2C_ABORT
_TEXT   27FA0 X2C_FINALEXE
_TEXT   27FD0 X2C_FINALDLL
_TEXT   28000 X2C_EXIT
_TEXT   28050 X2C_EXITDLL
_TEXT   28080 X2C_ini_termination
_TEXT   280A0 TERMINATION_BEGIN

------ file E:\XDSOS2\src\isoimp\TextIO.mod (library D:\APPS\XDS\lib\x86\libxdsmt.lib)
_TEXT   280C0 TextIO_ReadChar
_TEXT   280E0 TextIO_ReadRestLine
_TEXT   28150 TextIO_ReadString
_TEXT   28180 TextIO_ReadToken
_TEXT   282B0 TextIO_SkipLine
_TEXT   282E0 TextIO_WriteChar
_TEXT   28300 TextIO_WriteLn
_TEXT   28310 TextIO_WriteString
_TEXT   28340 TextIO_BEGIN

------ file E:\XDSOS2\src\ulib\TimeConv.mod (library D:\APPS\XDS\lib\x86\libxdsmt.lib)
_TEXT   28360 TimeConv_AddDateDays
_TEXT   28400 TimeConv_AddDateSecs
_TEXT   284E0 TimeConv_Compare
_TEXT   28570 TimeConv_SubDateDays
_TEXT   285E0 TimeConv_SubDateSecs
_TEXT   28650 TimeConv_TheDayNumber
_TEXT   286A0 TimeConv_TheFractionNumber
_TEXT   28700 TimeConv_WeekDay
_TEXT   28730 TimeConv_millisecs
_TEXT   28790 TimeConv_pack
_TEXT   28800 TimeConv_time
_TEXT   28830 TimeConv_unpack
_TEXT   28850 TimeConv_weekday
_TEXT   28D10 TimeConv_BEGIN

------ file src\xr\x86\X2C.asm (library D:\APPS\XDS\lib\x86\libxdsmt.lib)
_TEXT   28DF0 X2J_double2long
_TEXT   28E03 X2C_TRUNCI64
_TEXT   28EEB X2C_assign_acav
_TEXT   28EEB _X2C_assign_acav
_TEXT   28EFE X2C_wasNLibInit
_TEXT   28F04 X2C_makeNLibInit
_TEXT   28F0F X2C_wasXEntry
_TEXT   28F15 X2C_makeXEntry

------ file src\xr\x86\fppclr.asm (library D:\APPS\XDS\lib\x86\libxdsmt.lib)
_TEXT   28F20 X2C_ClearFPP
_TEXT   28F64 X2C_InitFPP

------ file src\xr\x86\iscall.asm (library D:\APPS\XDS\lib\x86\libxdsmt.lib)
_TEXT   28F80 _X2C_IS_CALL
_TEXT   28F80 X2C_IS_CALL

------ file E:\XDSOS2\src\ulib\platform.mod (library D:\APPS\XDS\lib\x86\libxdsmt.lib)
_TEXT   29020 platform_IsPathDelim
_TEXT   29040 platform_BEGIN

------ file src\xr\x86\rttraps.asm (library D:\APPS\XDS\lib\x86\libxdsmt.lib)
_TEXT   29060 X2C_TRAP_RANGE
_TEXT   29069 X2C_TRAP_OVERFL
_TEXT   29072 X2C_TRAP_NIL
_TEXT   2907B X2C_TRAP_DIV
_TEXT   29084 X2C_TRAP_INDEX
_TEXT   2908D X2C_TRAP_BREAK
_TEXT   29098 X2C_TrapFJump

------ file src\os\os2\sel2flat.asm (library D:\APPS\XDS\lib\x86\libxdsmt.lib)
_TEXT   290A4 X2C_SEL2FLAT

------ file src\xr\x86\setjmp.asm (library D:\APPS\XDS\lib\x86\libxdsmt.lib)
_TEXT   290B0 _X2C_setjmp
_TEXT   290B0 X2C_setjmp
_TEXT   290B0 setjmp
_TEXT   290B0 _setjmp
_TEXT   290F1 longjmp
_TEXT   290F1 _longjmp

------ file E:\XDSOS2\src\lib\xDevData.mod (library D:\APPS\XDS\lib\x86\libxdsmt.lib)
_TEXT   29150 xDevData_Close
_TEXT   291C0 xDevData_CurrentPos
_TEXT   29240 xDevData_ForbidAll
_TEXT   29280 xDevData_GetDID
_TEXT   29290 xDevData_GetDevData
_TEXT   292A0 xDevData_HardError
_TEXT   292E0 xDevData_Length
_TEXT   293A0 xDevData_MakeName
_TEXT   29410 xDevData_Open
_TEXT   29670 xDevData_SetMode
_TEXT   296D0 xDevData_SetPos
_TEXT   29850 xDevData_SoftError
_TEXT   29890 xDevData_UnMakeName
_TEXT   2A6B0 xDevData_BEGIN

------ file E:\XDSOS2\src\os\os2\xosCodeS.mod (library D:\APPS\XDS\lib\x86\libxdsmt.lib)
_TEXT   2A710 xosCodeSeg_calcCodeExtent
_TEXT   2A7E0 xosCodeSeg_BEGIN

------ file E:\XDSOS2\src\os\os2\xosDirs.mod (library D:\APPS\XDS\lib\x86\libxdsmt.lib)
_TEXT   2A800 X2C_CreateDirectory
_TEXT   2A830 X2C_DirClose
_TEXT   2A880 X2C_DirGetName
_TEXT   2A8F0 X2C_DirNext
_TEXT   2A950 X2C_DirOpen
_TEXT   2AA30 X2C_GetCDName
_TEXT   2AAF0 X2C_GetCDNameLength
_TEXT   2AB20 X2C_RemoveDirectory
_TEXT   2AB40 X2C_SetCD
_TEXT   2AC70 xosDirs_BEGIN

------ file E:\XDSOS2\src\os\os2\xosExit.mod (library D:\APPS\XDS\lib\x86\libxdsmt.lib)
_TEXT   2AC90 X2C_atexit
_TEXT   2ACC0 X2C_doexit
_TEXT   2AD00 xosExit_BEGIN

------ file E:\XDSOS2\src\os\os2\xosFS.mod (library D:\APPS\XDS\lib\x86\libxdsmt.lib)
_TEXT   2AD20 X2C_Exists
_TEXT   2AD50 X2C_FullName
_TEXT   2AE00 X2C_ModifyTime
_TEXT   2AEA0 X2C_Remove
_TEXT   2AEB0 X2C_Rename
_TEXT   2AED0 xosFS_BEGIN

------ file E:\XDSOS2\src\os\os2\xosFileI.mod (library D:\APPS\XDS\lib\x86\libxdsmt.lib)
_TEXT   2AEF0 X2C_FileClose
_TEXT   2AF00 X2C_FileOpenRead
_TEXT   2AF40 X2C_FileOpenWrite
_TEXT   2AF80 X2C_FileRead
_TEXT   2AFA0 X2C_FileSeek
_TEXT   2AFD0 X2C_FileWrite
_TEXT   2B000 X2C_StdOut
_TEXT   2B020 xosFileIO_BEGIN

------ file E:\XDSOS2\src\os\os2\xosFiles.mod (library D:\APPS\XDS\lib\x86\libxdsmt.lib)
_TEXT   2B040 X2C_GetModuleName
_TEXT   2B060 X2C_IsMixAllowed
_TEXT   2B070 X2C_fChSize
_TEXT   2B0B0 X2C_fClose
_TEXT   2B0C0 X2C_fFlush
_TEXT   2B0D0 X2C_fGetFileType
_TEXT   2B120 X2C_fGetStd
_TEXT   2B150 X2C_fGetXAttrs
_TEXT   2B180 X2C_fOpen
_TEXT   2B230 X2C_fRead
_TEXT   2B250 X2C_fSeek
_TEXT   2B2D0 X2C_fSetStd
_TEXT   2B2E0 X2C_fSetXAttrs
_TEXT   2B300 X2C_fSize
_TEXT   2B380 X2C_fTell
_TEXT   2B3C0 X2C_fWrite
_TEXT   2B430 xosFiles_BEGIN

------ file E:\XDSOS2\src\os\xosFmtIO.mod (library D:\APPS\XDS\lib\x86\libxdsmt.lib)
_TEXT   2B450 X2C_DecToStr
_TEXT   2B4D0 X2C_HexToStr
_TEXT   2B510 X2C_StdOutD
_TEXT   2B590 X2C_StdOutH
_TEXT   2B600 X2C_StdOutS
_TEXT   2B680 xosFmtIO_BEGIN

------ file E:\XDSOS2\src\os\os2\xosFmtNL.mod (library D:\APPS\XDS\lib\x86\libxdsmt.lib)
_TEXT   2B6A0 X2C_StdOutN
_TEXT   2B6B0 xosFmtNL_BEGIN

------ file E:\XDSOS2\src\os\os2\xosIpts.mod (library D:\APPS\XDS\lib\x86\libxdsmt.lib)
_TEXT   2B6D0 X2C_DisableIpts
_TEXT   2B6E0 X2C_EnableIpts
_TEXT   2B6F0 X2C_RestoreIptHandler
_TEXT   2B700 X2C_SaveIptHandler
_TEXT   2B710 X2C_SetIptHandler
_TEXT   2B720 xosIpts_BEGIN

------ file E:\XDSOS2\src\os\os2\xosMallo.mod (library D:\APPS\XDS\lib\x86\libxdsmt.lib)
_TEXT   2B740 X2C_InitHeap
_TEXT   2B7C0 X2C_ZeroMem
_TEXT   2B7E0 X2C_free
_TEXT   2B800 X2C_gfree
_TEXT   2B810 X2C_gmalloc
_TEXT   2B830 X2C_malloc
_TEXT   2B860 xosMalloc_BEGIN

------ file E:\XDSOS2\src\os\os2\xosMem.mod (library D:\APPS\XDS\lib\x86\libxdsmt.lib)
_TEXT   2B880 X2C_AllocMem
_TEXT   2B8D0 X2C_InitMem
_TEXT   2B920 xosMem_BEGIN

------ file E:\XDSOS2\src\os\os2\xosThrea.mod (library D:\APPS\XDS\lib\x86\libxdsmt.lib)
_TEXT   2B940 X2C_AcquireBoolSemaphore
_TEXT   2B960 X2C_AcquireSemaphore
_TEXT   2BA10 X2C_CreateBoolSemaphore
_TEXT   2BA40 X2C_CreateMutex
_TEXT   2BA70 X2C_CreateSemaphore
_TEXT   2BB10 X2C_CreateThread
_TEXT   2BBB0 X2C_CurrentThread
_TEXT   2BBE0 X2C_DeleteBoolSemaphore
_TEXT   2BBF0 X2C_DeleteMutex
_TEXT   2BC00 X2C_DeleteSemaphore
_TEXT   2BC30 X2C_DeleteThread
_TEXT   2BC40 X2C_EnterMutex
_TEXT   2BC60 X2C_ExitMutex
_TEXT   2BC70 X2C_ExitThread
_TEXT   2BC80 X2C_GetMyThreadId
_TEXT   2BC90 X2C_GetThreadWord
_TEXT   2BCA0 X2C_INIT_THREADS
_TEXT   2BCC0 X2C_MyThreadHandle
_TEXT   2BCD0 X2C_ReleaseSemaphore
_TEXT   2BD10 X2C_ResetBoolSemaphore
_TEXT   2BD30 X2C_ResumeThread
_TEXT   2BD40 X2C_SemaphoreToEvent
_TEXT   2BD50 X2C_SetBoolSemaphore
_TEXT   2BD60 X2C_SetThreadWord
_TEXT   2BD70 X2C_SuspendThread
_TEXT   2BD80 X2C_SyncThreadState
_TEXT   2BD90 X2C_WaitEvents
_TEXT   2BE80 xosThreads_BEGIN

------ file E:\XDSOS2\src\os\os2\xosTime.mod (library D:\APPS\XDS\lib\x86\libxdsmt.lib)
_TEXT   2BEA0 X2C_CanGetTime
_TEXT   2BEB0 X2C_CanSetTime
_TEXT   2BEC0 X2C_FracsPerSec
_TEXT   2BED0 X2C_GetTime
_TEXT   2BF40 X2C_SetTime
_TEXT   2BF90 xosTime_BEGIN

------ file E:\XDSOS2\src\xr\x86\xrAReal.mod (library D:\APPS\XDS\lib\x86\libxdsmt.lib)
_TEXT   2BFB0 X2C_ENTIER
_TEXT   2C000 X2C_TRUNCC
_TEXT   2C070 X2C_TRUNCI
_TEXT   2C100 xrAReal_BEGIN

------ file E:\XDSOS2\src\xr\xrExcept.mod (library D:\APPS\XDS\lib\x86\libxdsmt.lib)
_TEXT   2C120 X2C_ASSERT_F
_TEXT   2C1C0 X2C_TRAP_F
_TEXT   2C270 X2C_TRAP_G
_TEXT   2C320 X2C_XInitHandler
_TEXT   2C340 X2C_XOFF
_TEXT   2C350 X2C_XON
_TEXT   2C360 X2C_XREMOVE
_TEXT   2C3B0 X2C_XRETRY
_TEXT   2C3F0 X2C_doRaise
_TEXT   2C420 X2C_init_exceptions
_TEXT   2CA30 xrExceptions_BEGIN

------ file E:\XDSOS2\src\xr\x86\xrHistor.mod (library D:\APPS\XDS\lib\x86\libxdsmt.lib)
_TEXT   2CA50 X2C_scanStackHistory
_TEXT   2CA70 X2C_show_history
_TEXT   2CA80 X2C_show_profile
_TEXT   2CA90 xrHistory_BEGIN

------ file E:\XDSOS2\src\xr\xrInt64.mod (library D:\APPS\XDS\lib\x86\libxdsmt.lib)
_TEXT   2CAB0 X2C_64TOCARD
_TEXT   2CAE0 X2C_64TOINT
_TEXT   2CB30 X2C_ADD64
_TEXT   2CBE0 X2C_CARDTO64
_TEXT   2CC00 X2C_CMP64
_TEXT   2CCA0 X2C_INTTO64
_TEXT   2CCC0 X2C_IsNeg64
_TEXT   2CCF0 X2C_MUL64
_TEXT   2CD50 X2C_UnMinus64
_TEXT   2CF70 xrInt64_BEGIN

------ file E:\XDSOS2\src\xr\xrM2MM.mod (library D:\APPS\XDS\lib\x86\libxdsmt.lib)
_TEXT   2CF90 X2C_ALLOCATE
_TEXT   2CFD0 X2C_DEALLOCATE
_TEXT   2D050 X2C_DYNALLOCATE
_TEXT   2D0C0 X2C_DYNCALLOCATE
_TEXT   2D160 X2C_DYNCDEALLOCATE
_TEXT   2D180 X2C_DYNDEALLOCATE
_TEXT   2D220 xrM2MM_BEGIN

------ file E:\XDSOS2\src\xr\xrMM.mod (library D:\APPS\XDS\lib\x86\libxdsmt.lib)
_TEXT   2D240 xrMM_Align
_TEXT   2D260 xrMM_DynarrDescSize
_TEXT   2D270 xrMM_MakeBusy
_TEXT   2D2E0 xrMM_MakeFree
_TEXT   2D350 xrMM_SetGap
_TEXT   2D380 xrMM_SetNil
_TEXT   2D3A0 X2C_COLLECT
_TEXT   2D3D0 X2C_GC_INCREASE
_TEXT   2D450 X2C_GC_INIT
_TEXT   2D630 X2C_InitDesc
_TEXT   2D690 xrMM_allocate
_TEXT   2D870 xrMM_dealloc
_TEXT   2DA70 xrMM_free_block
_TEXT   2DB00 xrMM_ini_type_desc
_TEXT   2DFE0 xrMM_BEGIN

------ file E:\XDSOS2\src\xr\xrO2MM.mod (library D:\APPS\XDS\lib\x86\libxdsmt.lib)
_TEXT   2E000 X2C_DESTRUCTOR
_TEXT   2E0B0 X2C_DISABLE_COMPONENT
_TEXT   2E170 X2C_DISPOSE
_TEXT   2E220 X2C_MODULEDLL
_TEXT   2E320 X2C_MODULEXE
_TEXT   2E3A0 X2C_NEW
_TEXT   2E410 X2C_NEW_OPEN
_TEXT   2F800 xrO2MM_BEGIN

------ file E:\XDSOS2\src\xr\xrThread.mod (library D:\APPS\XDS\lib\x86\libxdsmt.lib)
_TEXT   2F820 X2C_DelMutex
_TEXT   2F850 X2C_FreeAfterGC
_TEXT   2F890 X2C_FreeMutex
_TEXT   2F8B0 X2C_GetCurrent
_TEXT   2F8C0 X2C_InitThreads
_TEXT   2F990 X2C_LockMutex
_TEXT   2F9B0 X2C_NewMutex
_TEXT   2F9E0 X2C_PrepareToGC
_TEXT   2FAF0 X2C_RegisterThread
_TEXT   2FB50 X2C_SetCurrent
_TEXT   2FB60 X2C_StartIterateThreads
_TEXT   2FB70 X2C_StopIterateThreads
_TEXT   2FB80 X2C_UnregisterThread
_TEXT   2FC10 xrThreads_BEGIN

------ file E:\XDSOS2\src\xr\x86\xrnCorou.mod (library D:\APPS\XDS\lib\x86\libxdsmt.lib)
_TEXT   2FC30 X2C_CopyJmpBuf
_TEXT   2FC60 X2C_IOTRANSFER
_TEXT   2FD40 X2C_InitCoroutine
_TEXT   2FD90 X2C_LockCoroutines
_TEXT   2FDA0 X2C_NEWPROCESS
_TEXT   2FDF0 X2C_PROTECT
_TEXT   2FE20 X2C_RegisterCoroutine
_TEXT   2FE40 X2C_TRANSFER
_TEXT   2FEE0 X2C_UnlockCoroutines
_TEXT   2FEF0 X2C_UnregisterCoroutine
_TEXT   2FF10 X2C_ini_coroutines
_TEXT   2FFA0 X2C_reg_stackbotm
_TEXT   30180 xrnCoroutines_BEGIN

------ file E:\XDSOS2\src\os\xrnShowH.mod (library D:\APPS\XDS\lib\x86\libxdsmt.lib)
_TEXT   301A0 X2C_EXIT_HISTORY
_TEXT   30200 X2C_HISTORY_ON
_TEXT   30220 X2C_HISTORY_REG
_TEXT   302B0 X2C_IS_CODESEG
_TEXT   30650 xrnShowHistory_BEGIN

------ file E:\XDSOS2\src\os\os2\xrnStart.mod (library D:\APPS\XDS\lib\x86\libxdsmt.lib)
_TEXT   30670 X2C_EstablishMain
_TEXT   30680 X2C_SetBreakHandler
_TEXT   30690 X2C_SetOSXHandler
_TEXT   306B0 X2C_xStart
_TEXT   30C00 xrnStart_BEGIN

------ file src\xr\x86\xrnStk.asm (library D:\APPS\XDS\lib\x86\libxdsmt.lib)
_TEXT   30C20 X2C_StackTop
_TEXT   30C20 _X2C_StackTop

------ file E:\XDSOS2\src\xr\x86\xrnStkSc.mod (library D:\APPS\XDS\lib\x86\libxdsmt.lib)
_TEXT   30C30 X2C_STACK_SCAN_PROC
_TEXT   30E30 xrnStkScan_BEGIN

------ file E:\XDSOS2\src\xr\x86\xrnX2C.mod (library D:\APPS\XDS\lib\x86\libxdsmt.lib)
_TEXT   30E50 X2C_BEGIN
_TEXT   30E90 X2C_BEGINDLL
_TEXT   30F20 xrnX2C_BEGIN

------ file src\xr\x86\xrnacmp.asm (library D:\APPS\XDS\lib\x86\libxdsmt.lib)
_TEXT   30F40 _X2C_adr_lss
_TEXT   30F40 X2C_adr_lss
_TEXT   30F4C X2C_adr_gtr
_TEXT   30F4C _X2C_adr_gtr

------ file src\xr\x86\xrnmems.asm (library D:\APPS\XDS\lib\x86\libxdsmt.lib)
_TEXT   30F58 X2C_MEMSET
_TEXT   30F58 _X2C_MEMSET

------ file src\xr\x86\xrnmlng.asm (library D:\APPS\XDS\lib\x86\libxdsmt.lib)
_TEXT   3100C X2C_long
_TEXT   3101B X2C_longl
_TEXT   3102A X2C_ulong
_TEXT   3103D X2C_ulongl

------ file src\xr\x86\xrnstrcm.asm (library D:\APPS\XDS\lib\x86\libxdsmt.lib)
_TEXT   31050 _X2C_STRCMP_PROC
_TEXT   31050 X2C_STRCMP_PROC

------ file src\xr\x86\xrnstrle.asm (library D:\APPS\XDS\lib\x86\libxdsmt.lib)
_TEXT   311B0 _X2C_LENGTH
_TEXT   311B0 X2C_LENGTH

------ file E:\th024.c (library D:\APPS\XDS\lib\x86\libxdsmt.lib)
_TEXT   3123C VioGetCurPos

------ file E:\th025.c (library D:\APPS\XDS\lib\x86\libxdsmt.lib)
_TEXT   31286 VioSetCurPos

------ file E:\th028.c (library D:\APPS\XDS\lib\x86\libxdsmt.lib)
_TEXT   312C8 VioGetMode

------ file E:\th032.c (library D:\APPS\XDS\lib\x86\libxdsmt.lib)
_TEXT   31305 VioReadCharStr

------ file E:\th034.c (library D:\APPS\XDS\lib\x86\libxdsmt.lib)
_TEXT   31361 VioWrtCharStr

------ file E:\th036.c (library D:\APPS\XDS\lib\x86\libxdsmt.lib)
_TEXT   313B9 VioScrollUp

------ file E:\th040.c (library D:\APPS\XDS\lib\x86\libxdsmt.lib)
_TEXT   31423 VioWrtNCell

------ file thunk.asm (library D:\APPS\XDS\lib\x86\libxdsmt.lib)
_TEXT   3147C __Thunk
_TEXT   314CB __CallFar16
_TEXT   31515 __FlatToSel
_TEXT   3151E __SelToFlat

------ file src\xr\x86\X2C.asm (library D:\APPS\XDS\lib\x86\libxdsmt.lib)
_DATA   51654 X2C_HisList

------ file src\xr\x86\fppclr.asm (library D:\APPS\XDS\lib\x86\libxdsmt.lib)
_DATA   51670 X2C_FLT_USED

------ file src\xr\x86\xrnincls.asm (library D:\APPS\XDS\lib\x86\libxdsmt.lib)
_DATA   51A2C X2C_INCLs

------ file src\xr\x86\X2C.asm (library D:\APPS\XDS\lib\x86\libxdsmt.lib)
_BSS    A4280 _X2C_argc
_BSS    A4280 X2C_argc
_BSS    A4284 _X2C_argv
_BSS    A4284 X2C_argv
_BSS    A4288 X2C_sysarg
_BSS    A4288 _X2C_sysarg

------ file E:\XDSOS2\src\xr\xmRTS.mod (library D:\APPS\XDS\lib\x86\libxdsmt.lib)
_BSS    A42C0 X2C_MODULES
_BSS    A42C4 X2C_assertSrc
_BSS    A42C8 X2C_busymem
_BSS    A42CC X2C_fs_init
_BSS    A42CD X2C_hline
_BSS    A42D1 X2C_maxmem
_BSS    A42D5 X2C_objects
_BSS    A42D9 X2C_rtsSource
_BSS    A42DD X2C_threshold
_BSS    A42E1 X2C_usedmem
_BSS    A42E5 x2c_td_null
_BSS    A42E9 x2c_td_ptr

------ file E:\XDSOS2\src\xr\x86\xrHistor.mod (library D:\APPS\XDS\lib\x86\libxdsmt.lib)
_BSS    A4D50 X2C_hisShow
_BSS    A4D54 X2C_stkScan

------ file E:\XDSOS2\src\xr\xrMM.mod (library D:\APPS\XDS\lib\x86\libxdsmt.lib)
_BSS    A4D90 xrMM_COLLECTOR
_BSS    A4D94 xrMM_DoDefrag
_BSS    A4D95 xrMM_GCAUTO
_BSS    A4D96 xrMM_GCTHRESCNT
_BSS    A4D9A xrMM_O2MM_init
_BSS    A4D9B xrMM_b_blocks
_BSS    A4DCF xrMM_blk_max
_BSS    A4DD3 xrMM_blk_min
_BSS    A4DD7 xrMM_blockno
_BSS    A4DDB xrMM_cur_offs
_BSS    A4DDF xrMM_cur_td
_BSS    A4DE3 xrMM_f_blocks
_BSS    A4E17 xrMM_parts
