
------ file D:\dev1\crypt\src\ASN1.mod
_TEXT   10000 ASN1_ASN1toTxt
_TEXT   10050 ASN1_ExtractParts
_TEXT   101E0 ASN1_INTEGERtoBN
_TEXT   10250 ASN1_BitStringToBN
_TEXT   102F0 ASN1_GetObjID
_TEXT   11C70 ASN1_BEGIN

------ file D:\pmos2\src\Arith64.mod
_TEXT   11CA0 Arith64_ToAPI64
_TEXT   11CE0 Arith64_FromAPI64
_TEXT   11D20 Arith64_IsZero
_TEXT   11D50 Arith64_Compare64
_TEXT   11DC0 Arith64_Add64
_TEXT   11E10 Arith64_Sub64
_TEXT   11E60 Arith64_INC64
_TEXT   11E90 Arith64_DEC64
_TEXT   11ED0 Arith64_ShortSub
_TEXT   11F20 Arith64_Sum64
_TEXT   11FC0 Arith64_Diff64
_TEXT   120C0 Arith64_Mul32
_TEXT   12210 Arith64_Mul64
_TEXT   12460 Arith64_ShortMul64
_TEXT   124B0 Arith64_LongDiv64
_TEXT   125C0 Arith64_ShortDiv
_TEXT   12600 Arith64_Div10
_TEXT   12630 Arith64_FLOAT64
_TEXT   12670 Arith64_ORDL
_TEXT   12720 Arith64_BEGIN

------ file D:\pmos2\src\BigNum.mod
_TEXT   12740 BigNum_ShowBNUsage
_TEXT   12790 BigNum_WriteBignum
_TEXT   127D0 BigNum_BinToBN
_TEXT   128B0 BigNum_BNtoBytes
_TEXT   12950 BigNum_MakeBignum
_TEXT   129C0 BigNum_Zero
_TEXT   12A10 BigNum_Card
_TEXT   12A40 BigNum_Discard
_TEXT   12A80 BigNum_CopyBN
_TEXT   12B00 BigNum_LSBN
_TEXT   12C20 BigNum_RSBN
_TEXT   12D20 BigNum_Sign
_TEXT   12D50 BigNum_IsZero
_TEXT   12DA0 BigNum_IsOdd
_TEXT   12DC0 BigNum_Eq
_TEXT   12DF0 BigNum_Cmp
_TEXT   12E30 BigNum_LowWord
_TEXT   12E40 BigNum_Negate
_TEXT   12E50 BigNum_Incr
_TEXT   12E80 BigNum_Decr
_TEXT   12EB0 BigNum_Sum
_TEXT   12F40 BigNum_Diff
_TEXT   130B0 BigNum_Prod
_TEXT   13200 BigNum_Divide
_TEXT   132E0 BigNum_Double
_TEXT   133B0 BigNum_Halve
_TEXT   13440 BigNum_Nbits
_TEXT   134D0 BigNum_Digits
_TEXT   13550 BigNum_ModularPower
_TEXT   13680 BigNum_Rand
_TEXT   13700 BigNum_FromHex
_TEXT   13850 BigNum_ToHex
_TEXT   13910 BigNum_FromDecimal
_TEXT   13A40 BigNum_ToDecimal
_TEXT   147E0 BigNum_BEGIN

------ file D:\dev1\crypt\src\drafts\Certificates.mod
_TEXT   14850 Certificates_AssembleOurCertificates
_TEXT   14980 Certificates_AcceptCertificates
_TEXT   14F40 Certificates_BEGIN

------ file D:\dev1\crypt\src\CipherSuites.mod
_TEXT   14F90 CipherSuites_NameOfSuite
_TEXT   14FD0 CipherSuites_CodeToCipherSuite
_TEXT   15020 CipherSuites_CipherSuiteToCode
_TEXT   15060 CipherSuites_AcceptCipherSuite
_TEXT   150A0 CipherSuites_BEGIN

------ file D:\pmos2\src\Conversions.mod
_TEXT   150C0 Conversions_atoi
_TEXT   15110 Conversions_StringToHex
_TEXT   15260 Conversions_StringToCardinal
_TEXT   152B0 Conversions_StringToLongCard
_TEXT   153A0 Conversions_StringToCard64
_TEXT   154B0 Conversions_StringToReal
_TEXT   15540 Conversions_StringToLongReal
_TEXT   15780 Conversions_HexToChar
_TEXT   157D0 Conversions_HexByteToString
_TEXT   15840 Conversions_HexToString
_TEXT   158B0 Conversions_LongHexToString
_TEXT   15900 Conversions_ShortCardToString
_TEXT   15920 Conversions_CardinalToString
_TEXT   15940 Conversions_LongCardToString
_TEXT   15A20 Conversions_Card64ToString
_TEXT   15B10 Conversions_RealToString
_TEXT   15B40 Conversions_LongRealToString
_TEXT   15CD0 Conversions_CardinalToStringLJ
_TEXT   15D20 Conversions_Card64ToStringLJ
_TEXT   15D80 Conversions_RealToF
_TEXT   15DB0 Conversions_LongRealToF
_TEXT   16610 Conversions_BEGIN

------ file D:\Dev1\WebServe\src\Domains.mod
_TEXT   16640 Domains_UpdateDomainList
_TEXT   166A0 Domains_OpenDomain
_TEXT   16730 Domains_CloseDomain
_TEXT   16740 Domains_LocateFile
_TEXT   16B00 Domains_DirOf
_TEXT   16BD0 Domains_SizeOf
_TEXT   172E0 Domains_BEGIN

------ file D:\Dev1\WebServe\src\Environment.mod
_TEXT   17350 Environment_AddToEnvironmentString
_TEXT   17570 Environment_DiscardEnvironmentString
_TEXT   175B0 Environment_BEGIN

------ file D:\pmos2\src\Exceptq.mod
_TEXT   175E0 Exceptq_EqSetInfo
_TEXT   17690 Exceptq_InstallExceptq
_TEXT   176D0 Exceptq_UninstallExceptq
_TEXT   17870 Exceptq_BEGIN

------ file D:\pmos2\src\FileOps.mod
_TEXT   178C0 FileOps_FreeSpace
_TEXT   17960 FileOps_GetCurrentDirectory
_TEXT   179C0 FileOps_GetEXEDirectory
_TEXT   17A40 FileOps_OpenOldFile
_TEXT   17B30 FileOps_OpenNewFile
_TEXT   17C10 FileOps_OpenNewFile1
_TEXT   17C70 FileOps_OpenNewHiddenFile
_TEXT   17CD0 FileOps_OpenAtEnd
_TEXT   17D90 FileOps_CloseFile
_TEXT   17DB0 FileOps_Flush
_TEXT   17DD0 FileOps_HideFile
_TEXT   17E40 FileOps_Exists
_TEXT   17ED0 FileOps_DeleteFile
_TEXT   17F30 FileOps_CreateFile
_TEXT   17FA0 FileOps_MoveFile
_TEXT   18030 FileOps_CopyFile
_TEXT   180D0 FileOps_AppendFile
_TEXT   18170 FileOps_CurrentPosition
_TEXT   181E0 FileOps_StartPosition
_TEXT   18200 FileOps_EndPosition
_TEXT   182E0 FileOps_SetPosition
_TEXT   18340 FileOps_GetFileSize
_TEXT   18400 FileOps_SetFileSize
_TEXT   18460 FileOps_ReadRaw
_TEXT   18480 FileOps_ReadLine
_TEXT   18520 FileOps_WriteRaw
_TEXT   18550 FileOps_WriteRawV
_TEXT   185B0 FileOps_FWriteChar
_TEXT   185D0 FileOps_FWriteString
_TEXT   18640 FileOps_FWriteLn
_TEXT   18660 FileOps_FWriteHexByte
_TEXT   18690 FileOps_FWriteCard
_TEXT   186D0 FileOps_FWriteCard64
_TEXT   18710 FileOps_FWriteZCard
_TEXT   18770 FileOps_FWriteLJCard
_TEXT   187A0 FileOps_FWriteLJCard64
_TEXT   187E0 FileOps_FirstDirEntry
_TEXT   18890 FileOps_NextDirEntry
_TEXT   188C0 FileOps_DirSearchDone
_TEXT   188E0 FileOps_GetProgName
_TEXT   19260 FileOps_BEGIN

------ file D:\dev1\general\src\Heap.mod
_TEXT   192B0 Heap_ALLOCATE
_TEXT   19300 Heap_DEALLOCATE
_TEXT   19340 Heap_EnableHeapLogging
_TEXT   19390 Heap_StopHeapLogging
_TEXT   193C0 Heap_SayHeapCount
_TEXT   19490 Heap_StartTracking
_TEXT   19530 Heap_TrackUpdate
_TEXT   19750 Heap_BEGIN

------ file D:\dev1\general\src\INIData.mod
_TEXT   197D0 INIData_ChooseDefaultINI
_TEXT   19990 INIData_OpenINIFile
_TEXT   19A70 INIData_CreateINIFile
_TEXT   19B40 INIData_INIValid
_TEXT   19B50 INIData_CloseINIFile
_TEXT   19B90 INIData_ItemSize
_TEXT   19C60 INIData_INIGetTrusted
_TEXT   19D30 INIData_INIGet
_TEXT   19E50 INIData_INIGetString
_TEXT   19F50 INIData_INIPut
_TEXT   1A000 INIData_INIPutBinary
_TEXT   1A0D0 INIData_INIPutString
_TEXT   1A150 INIData_GetStringList
_TEXT   1A210 INIData_NextString
_TEXT   1A2B0 INIData_CloseStringList
_TEXT   1A2E0 INIData_INIDeleteApp
_TEXT   1A320 INIData_INIRenameApp
_TEXT   1A370 INIData_INIDeleteKey
_TEXT   1A3F0 INIData_OurDirectory
_TEXT   1A410 INIData_SetInitialWindowPosition
_TEXT   1A5E0 INIData_SetInitialWindowSize
_TEXT   1A710 INIData_SetFont
_TEXT   1A860 INIData_StoreWindowPosition
_TEXT   1AA10 INIData_StoreWindowSize
_TEXT   1AB40 INIData_StoreFont
_TEXT   1AC90 INIData_GetProgramDirectory
_TEXT   1ACB0 INIData_SetWorkingDirectory
_TEXT   1B160 INIData_BEGIN

------ file D:\dev1\general\src\Inet2Misc.mod
_TEXT   1B280 Inet2Misc_NameIsNumeric
_TEXT   1B330 Inet2Misc_IPToString
_TEXT   1B440 Inet2Misc_AddressToHostName
_TEXT   1B4B0 Inet2Misc_WaitForSocket
_TEXT   1B4E0 Inet2Misc_WaitForSocketOut
_TEXT   1B510 Inet2Misc_WaitForDataSocket
_TEXT   1B570 Inet2Misc_Synch
_TEXT   1B5D0 Inet2Misc_StringToIP
_TEXT   1B6A0 Inet2Misc_Swap2
_TEXT   1B6C0 Inet2Misc_Swap4
_TEXT   1B6E0 Inet2Misc_NonRouteable
_TEXT   1B730 Inet2Misc_BEGIN

------ file D:\pmos2\src\LowLevel.mod
_TEXT   1B760 LowLevel_EVAL
_TEXT   1B7B0 LowLevel_Assert
_TEXT   1B800 LowLevel_ALLOCATE64
_TEXT   1B890 LowLevel_SwapIt
_TEXT   1B8F0 LowLevel_IAND
_TEXT   1B900 LowLevel_IANDB
_TEXT   1B920 LowLevel_IOR
_TEXT   1B930 LowLevel_IORB
_TEXT   1B950 LowLevel_IXOR
_TEXT   1B960 LowLevel_IXORB
_TEXT   1B980 LowLevel_INOT
_TEXT   1B9A0 LowLevel_INOTB
_TEXT   1B9D0 LowLevel_ROL
_TEXT   1B9F0 LowLevel_ROLB
_TEXT   1BA10 LowLevel_LS
_TEXT   1BA40 LowLevel_LSB
_TEXT   1BA70 LowLevel_ROR
_TEXT   1BAA0 LowLevel_RORB
_TEXT   1BAD0 LowLevel_RS
_TEXT   1BB10 LowLevel_RSB
_TEXT   1BB50 LowLevel_Far
_TEXT   1BB60 LowLevel_MakePointer
_TEXT   1BB80 LowLevel_SEGMENT
_TEXT   1BB90 LowLevel_FarSEGMENT
_TEXT   1BBA0 LowLevel_OFFSET
_TEXT   1BBC0 LowLevel_AddOffset
_TEXT   1BBD0 LowLevel_SubtractOffset
_TEXT   1BBE0 LowLevel_FarAddOffset
_TEXT   1BBF0 LowLevel_FarSubtractOffset
_TEXT   1BC00 LowLevel_LowByte
_TEXT   1BC20 LowLevel_HighByte
_TEXT   1BC40 LowLevel_MakeWord
_TEXT   1BC60 LowLevel_SignExtend
_TEXT   1BC70 LowLevel_LowWord
_TEXT   1BC90 LowLevel_HighWord
_TEXT   1BCB0 LowLevel_MakeLongword
_TEXT   1BCD0 LowLevel_INCV
_TEXT   1BD20 LowLevel_INCVB
_TEXT   1BD60 LowLevel_DECV
_TEXT   1BDA0 LowLevel_DECVB
_TEXT   1BDF0 LowLevel_Mul
_TEXT   1BE10 LowLevel_MulB
_TEXT   1BE30 LowLevel_IMul
_TEXT   1BE50 LowLevel_IMulB
_TEXT   1BE90 LowLevel_DivB
_TEXT   1BEB0 LowLevel_Div
_TEXT   1BEE0 LowLevel_Copy
_TEXT   1BF10 LowLevel_FarCopy
_TEXT   1BF40 LowLevel_CopyUp
_TEXT   1BFA0 LowLevel_BlockFill
_TEXT   1BFC0 LowLevel_BlockFillWord
_TEXT   1BFF0 LowLevel_BEGIN

------ file D:\Dev1\WebServe\src\MIMEtypes.mod
_TEXT   1C010 MIMEtypes_IdentifyType
_TEXT   1C550 MIMEtypes_BEGIN

------ file D:\Dev1\WebServe\src\Misc.mod
_TEXT   1C590 Misc_MakeNewFilename
_TEXT   1C5D0 Misc_OpenTemporaryFile
_TEXT   1C600 Misc_SkipLeadingSpaces
_TEXT   1C650 Misc_MatchLeading
_TEXT   1C7F0 Misc_BEGIN

------ file D:\dev1\general\src\MiscFuncs.mod
_TEXT   1C840 MiscFuncs_EVAL
_TEXT   1C890 MiscFuncs_StripWhitespace
_TEXT   1C960 MiscFuncs_StringMatch
_TEXT   1CA10 MiscFuncs_HeadMatch
_TEXT   1CAC0 MiscFuncs_ToLower
_TEXT   1CB30 MiscFuncs_AppendString
_TEXT   1CBE0 MiscFuncs_SplitArg
_TEXT   1CC90 MiscFuncs_GetNum
_TEXT   1CD40 MiscFuncs_WriteCard
_TEXT   1CD90 MiscFuncs_ConvertCard
_TEXT   1CE20 MiscFuncs_AppendCard
_TEXT   1CE70 MiscFuncs_ConvertCard64
_TEXT   1CF10 MiscFuncs_ConvertCardRJ
_TEXT   1CFA0 MiscFuncs_ConvertCard64RJ
_TEXT   1D040 MiscFuncs_ConvertCardZ
_TEXT   1D0F0 MiscFuncs_ConvertDecimal
_TEXT   1D170 MiscFuncs_ConvertDecimal64
_TEXT   1D240 MiscFuncs_HexEncodeArray
_TEXT   1D310 MiscFuncs_DecodeHex
_TEXT   1D3D0 MiscFuncs_DecodeHexString
_TEXT   1D4E0 MiscFuncs_AddEOL
_TEXT   1D550 MiscFuncs_LockScreen
_TEXT   1D560 MiscFuncs_UnlockScreen
_TEXT   1D570 MiscFuncs_OpenLogFile
_TEXT   1D5D0 MiscFuncs_CloseLogFile
_TEXT   1D790 MiscFuncs_BEGIN

------ file D:\dev1\general\src\MyClock.mod
_TEXT   1D7E0 MyClock_CorrectToGMT
_TEXT   1D8F0 MyClock_StringToPackedDateTime
_TEXT   1DB80 MyClock_PackedDateTimeToString
_TEXT   1DDB0 MyClock_PackedDateTimeToGMT
_TEXT   1DE00 MyClock_OurTimezone
_TEXT   1DEE0 MyClock_FormatCurrentDateTime
_TEXT   1DF50 MyClock_CurrentDateAndTime
_TEXT   1DF80 MyClock_CurrentDateAndTimeGMT
_TEXT   1DFB0 MyClock_CompareDateStrings
_TEXT   1E010 MyClock_PackedCurrentDateTime
_TEXT   1E0C0 MyClock_CurrentTimeToString
_TEXT   1E0F0 MyClock_AppendDateString
_TEXT   1E120 MyClock_AppendDateTimeString
_TEXT   1E150 MyClock_AppendTimeString
_TEXT   1E230 MyClock_AppendSyslogDateTimeString
_TEXT   1F900 MyClock_BEGIN

------ file D:\dev1\inet\src\NameLookup.mod
_TEXT   1F930 NameLookup_StartNameLookup
_TEXT   1F9E0 NameLookup_CancelNameLookup
_TEXT   1FA10 NameLookup_GetName
_TEXT   1FBD0 NameLookup_BEGIN

------ file D:\dev1\general\src\Names.mod
_TEXT   1FC70 Names_BEGIN

------ file D:\dev1\inet\src\NetStream.mod
_TEXT   1FC90 NetStream_OpenNetStream
_TEXT   1FCF0 NetStream_CloseNetStream
_TEXT   1FD60 NetStream_GetLine
_TEXT   1FE40 NetStream_GetBytes
_TEXT   1FF30 NetStream_PutBytes
_TEXT   1FF70 NetStream_PutEOL
_TEXT   20050 NetStream_BEGIN

------ file D:\Dev1\WebServe\src\ProgName.mod
_TEXT   20090 ProgName_GetProgramName
_TEXT   200E0 ProgName_BEGIN

------ file D:\pmos2\src\RandCard.mod
_TEXT   20110 RandCard_Randomize
_TEXT   20150 RandCard_RandCardinal
_TEXT   201D0 RandCard_RandInt
_TEXT   20220 RandCard_BEGIN

------ file D:\Dev1\WebServe\src\Requests.mod
_TEXT   20250 Requests_LContext
_TEXT   20260 Requests_LoadReqINIData
_TEXT   202D0 Requests_OpenSession
_TEXT   203D0 Requests_CloseSession
_TEXT   20410 Requests_HandleOneRequest
_TEXT   204A0 Requests_ExecProgram
_TEXT   22440 Requests_BEGIN

------ file D:\Dev1\WebServe\src\SSI.mod
_TEXT   22500 SSI_ProcessSSI
_TEXT   22D10 SSI_BEGIN

------ file D:\pmos2\src\Semaphores.mod
_TEXT   22D60 Semaphores_CreateSemaphore
_TEXT   22DA0 Semaphores_DestroySemaphore
_TEXT   22DC0 Semaphores_Wait
_TEXT   22E60 Semaphores_TimedWaitInternal
_TEXT   22F90 Semaphores_Signal
_TEXT   23010 Semaphores_BEGIN

------ file D:\pmos2\src\SplitScreen.mod
_TEXT   23030 SplitScreen_NotDetached
_TEXT   23040 SplitScreen_LockScreen
_TEXT   23060 SplitScreen_UnlockScreen
_TEXT   23080 SplitScreen_SetBoundary
_TEXT   230B0 SplitScreen_ClearScreen
_TEXT   23100 SplitScreen_ReleaseScreen
_TEXT   23140 SplitScreen_RegainScreen
_TEXT   23190 SplitScreen_WriteChar
_TEXT   231B0 SplitScreen_WriteString
_TEXT   23310 SplitScreen_WriteLn
_TEXT   233B0 SplitScreen_SetCursor
_TEXT   23400 SplitScreen_WriteInt
_TEXT   23430 SplitScreen_WriteCard
_TEXT   23480 SplitScreen_WriteStringAt
_TEXT   23650 SplitScreen_BEGIN

------ file D:\dev1\crypt\src\drafts\TLS.mod
_TEXT   236C0 TLS_OpenTLSsession
_TEXT   23730 TLS_CloseTLSsession
_TEXT   23770 TLS_TLSsend
_TEXT   24EE0 TLS_BEGIN

------ file D:\dev1\crypt\src\drafts\TLSBase.mod
_TEXT   24F60 TLSBase_BEeval
_TEXT   24F70 TLSBase_WriteHex
_TEXT   24FC0 TLSBase_WriteHexString
_TEXT   25040 TLSBase_AppendHexString
_TEXT   250F0 TLSBase_WriteCard
_TEXT   25140 TLSBase_NYI
_TEXT   251C0 TLSBase_Get3Bytes
_TEXT   25210 TLSBase_Put3Bytes
_TEXT   25260 TLSBase_Resize
_TEXT   252C0 TLSBase_Checksize
_TEXT   25430 TLSBase_BEGIN

------ file D:\dev1\crypt\src\drafts\TLSCrypt.mod
_TEXT   25470 TLSCrypt_InitEncryptionRule
_TEXT   25490 TLSCrypt_CloseEncryptionRule
_TEXT   254B0 TLSCrypt_Encrypt
_TEXT   254E0 TLSCrypt_BEGIN

------ file D:\dev1\crypt\src\drafts\TLSRecord.mod
_TEXT   25510 TLSRecord_TLSRecordInit
_TEXT   25550 TLSRecord_TLSRecordClose
_TEXT   25570 TLSRecord_FirstNBytes
_TEXT   256B0 TLSRecord_RecordTraceOn
_TEXT   256C0 TLSRecord_RecordTraceOff
_TEXT   256D0 TLSRecord_GetFragment
_TEXT   25920 TLSRecord_DiscardFragment
_TEXT   25960 TLSRecord_PutFragment
_TEXT   25AC0 TLSRecord_BEGIN

------ file D:\dev1\crypt\src\TLScompression.mod
_TEXT   25B20 TLScompression_CompressionSupported
_TEXT   25B30 TLScompression_BEGIN

------ file D:\dev1\general\src\TNIData.mod
_TEXT   25B50 TNIData_OpenTNIFile
_TEXT   25C80 TNIData_CreateTNIFile
_TEXT   25D40 TNIData_CloseTNIFile
_TEXT   25DF0 TNIData_ItemSize
_TEXT   25E30 TNIData_INIGetTrusted
_TEXT   25ED0 TNIData_INIGetString
_TEXT   25F90 TNIData_INIPutBinary
_TEXT   26020 TNIData_INIDeleteApp
_TEXT   260B0 TNIData_INIDeleteKey
_TEXT   28A40 TNIData_BEGIN

------ file D:\pmos2\src\TaskControl.mod
_TEXT   28AC0 TaskControl_IsFullScreen
_TEXT   28AD0 TaskControl_NotDetached
_TEXT   28AE0 TaskControl_CreateTask
_TEXT   28B20 TaskControl_CreateTask1
_TEXT   28B60 TaskControl_TaskExit
_TEXT   28C50 TaskControl_ThreadCount
_TEXT   28C60 TaskControl_Crash
_TEXT   28CD0 TaskControl_CreateLock
_TEXT   28D00 TaskControl_DestroyLock
_TEXT   28D30 TaskControl_Obtain
_TEXT   28D60 TaskControl_Release
_TEXT   28D80 TaskControl_CurrentTaskID
_TEXT   28DB0 TaskControl_SuspendMe
_TEXT   28EC0 TaskControl_ResumeTask
_TEXT   29410 TaskControl_BEGIN

------ file D:\pmos2\src\Timer.mod
_TEXT   29490 Timer_Sleep
_TEXT   294B0 Timer_TimedWait
_TEXT   294D0 Timer_TimedWaitSpecial
_TEXT   294F0 Timer_BEGIN

------ file D:\dev1\general\src\TransLog.mod
_TEXT   29510 TransLog_SetProcname
_TEXT   295B0 TransLog_SetSyslogHost
_TEXT   29650 TransLog_UpdateTopScreenLine
_TEXT   296F0 TransLog_OpenLogContext
_TEXT   29730 TransLog_CloseLogContext
_TEXT   29760 TransLog_StartTransactionLogging
_TEXT   298C0 TransLog_GetLogPrefix
_TEXT   298E0 TransLog_DummyLogID
_TEXT   298F0 TransLog_CreateLogID
_TEXT   29970 TransLog_DiscardLogID
_TEXT   29990 TransLog_LogTransaction
_TEXT   29A20 TransLog_LogTransactionL
_TEXT   2A8B0 TransLog_BEGIN

------ file D:\pmos2\src\Types.mod
_TEXT   2AA00 Types_BEGIN

------ file D:\dev1\crypt\src\VarStrings.mod
_TEXT   2AA20 VarStrings_WriteVarString
_TEXT   2AA80 VarStrings_BEGIN

------ file D:\Dev1\WebServe\src\WSV.mod
_TEXT   2AAA0 WSV_BEGIN

------ file D:\Dev1\WebServe\SRC\WSession.mod
_TEXT   2AAC0 WSession_NewSession
_TEXT   2AB70 WSession_SetSessionParameters
_TEXT   2ABE0 WSession_NumberOfClients
_TEXT   2B0E0 WSession_BEGIN

------ file D:\dev1\general\src\Watchdog.mod
_TEXT   2B1A0 Watchdog_AddToWatches
_TEXT   2B200 Watchdog_RemoveFromWatches
_TEXT   2B230 Watchdog_KickWatchdog
_TEXT   2B6D0 Watchdog_BEGIN

------ file D:\Dev1\WebServe\src\WebServe.mod
_TEXT   2C5B0 main

------ file D:\pmos2\src\WildCard.mod
_TEXT   2C750 WildCard_WildMatch
_TEXT   2C960 WildCard_WildMatchS
_TEXT   2CF00 WildCard_BEGIN

------ file .\xstart.asm (library D:\Apps\XDS\lib\x86\xstart.lib)
_TEXT   2CF20 xStart
_TEXT   2CF3C X2C_FINALLY
_TEXT   2CF41 X2C_INIT_HISTORY
_TEXT   2CF5B X2C_MODULE
_TEXT   2CF70 X2C_GetMyHandle

------ file E:\XDSOS2\src\syslib\COROUTIN.mod (library D:\Apps\XDS\lib\x86\libxdsmt.lib)
_TEXT   2CF80 COROUTINES_ATTACH
_TEXT   2CFB0 COROUTINES_CURRENT
_TEXT   2CFC0 COROUTINES_DETACH
_TEXT   2D010 COROUTINES_HANDLER
_TEXT   2D020 COROUTINES_IOTRANSFER
_TEXT   2D040 COROUTINES_IsATTACHED
_TEXT   2D060 COROUTINES_LISTEN
_TEXT   2D080 COROUTINES_NEWCOROUTINE
_TEXT   2D0B0 COROUTINES_PROT
_TEXT   2D0C0 COROUTINES_TRANSFER
_TEXT   2D0E0 COROUTINES_BEGIN

------ file E:\XDSOS2\src\isoimp\ChanCons.mod (library D:\Apps\XDS\lib\x86\libxdsmt.lib)
_TEXT   2D130 ChanConsts_BEGIN

------ file E:\XDSOS2\src\isoimp\CharClas.mod (library D:\Apps\XDS\lib\x86\libxdsmt.lib)
_TEXT   2D150 CharClass_IsControl
_TEXT   2D170 CharClass_IsLetter
_TEXT   2D190 CharClass_IsLower
_TEXT   2D1B0 CharClass_IsNumeric
_TEXT   2D1D0 CharClass_IsUpper
_TEXT   2D1F0 CharClass_IsWhiteSpace
_TEXT   2D210 CharClass_BEGIN

------ file E:\XDSOS2\src\ulib\CtrlC.mod (library D:\Apps\XDS\lib\x86\libxdsmt.lib)
_TEXT   2D230 CtrlC_IsCtrlCException
_TEXT   2D260 CtrlC_SetBreakHandler
_TEXT   2D270 CtrlC_BEGIN

------ file E:\XDSOS2\src\syslib\EXCEPTIO.mod (library D:\Apps\XDS\lib\x86\libxdsmt.lib)
_TEXT   2D2A0 EXCEPTIONS_AllocateSource
_TEXT   2D300 EXCEPTIONS_CurrentNumber
_TEXT   2D370 EXCEPTIONS_GetMessage
_TEXT   2D3C0 EXCEPTIONS_IsCurrentSource
_TEXT   2D3F0 EXCEPTIONS_IsExceptionalExecution
_TEXT   2D410 EXCEPTIONS_RAISE
_TEXT   2D480 EXCEPTIONS_BEGIN

------ file E:\XDSOS2\src\ulib\FileSys.mod (library D:\Apps\XDS\lib\x86\libxdsmt.lib)
_TEXT   2D4A0 FileSys_CloseDir
_TEXT   2D4D0 FileSys_CreateDirectory
_TEXT   2D4F0 FileSys_Exists
_TEXT   2D510 FileSys_FullName
_TEXT   2D580 FileSys_GetCDName
_TEXT   2D5A0 FileSys_GetCDNameLength
_TEXT   2D5B0 FileSys_GetName
_TEXT   2D5D0 FileSys_ModifyTime
_TEXT   2D600 FileSys_NextDirEntry
_TEXT   2D640 FileSys_OpenDir
_TEXT   2D6F0 FileSys_Remove
_TEXT   2D720 FileSys_RemoveDirectory
_TEXT   2D740 FileSys_Rename
_TEXT   2D790 FileSys_SetCD
_TEXT   2D9F0 FileSys_BEGIN

------ file E:\XDSOS2\src\isoimp\IOChan.mod (library D:\Apps\XDS\lib\x86\libxdsmt.lib)
_TEXT   2DA20 IOChan_ChanException
_TEXT   2DA30 IOChan_CurrentFlags
_TEXT   2DA40 IOChan_DeviceError
_TEXT   2DA50 IOChan_Flush
_TEXT   2DA60 IOChan_GetName
_TEXT   2DA80 IOChan_InvalidChan
_TEXT   2DA90 IOChan_IsChanException
_TEXT   2DAA0 IOChan_Look
_TEXT   2DAC0 IOChan_RawRead
_TEXT   2DAE0 IOChan_RawWrite
_TEXT   2DB00 IOChan_ReadResult
_TEXT   2DB10 IOChan_Reset
_TEXT   2DB20 IOChan_SetReadResult
_TEXT   2DB30 IOChan_Skip
_TEXT   2DB40 IOChan_SkipLook
_TEXT   2DB60 IOChan_TextRead
_TEXT   2DB80 IOChan_TextWrite
_TEXT   2DBA0 IOChan_WriteLn
_TEXT   2DBB0 IOChan_BEGIN

------ file E:\XDSOS2\src\isoimp\IOConsts.mod (library D:\Apps\XDS\lib\x86\libxdsmt.lib)
_TEXT   2DC10 IOConsts_BEGIN

------ file E:\XDSOS2\src\isoimp\IOLink.mod (library D:\Apps\XDS\lib\x86\libxdsmt.lib)
_TEXT   2DC30 IOLink_AllocateDeviceId
_TEXT   2DC40 IOLink_DeviceTablePtrValue
_TEXT   2DCB0 IOLink_IOException
_TEXT   2DCE0 IOLink_IsDevice
_TEXT   2DD00 IOLink_IsIOException
_TEXT   2DD10 IOLink_MakeChan
_TEXT   2DD60 IOLink_RAISEdevException
_TEXT   2DDE0 IOLink_UnMakeChan
_TEXT   2E000 IOLink_BEGIN

------ file E:\XDSOS2\src\syslib\M2EXCEPT.mod (library D:\Apps\XDS\lib\x86\libxdsmt.lib)
_TEXT   2E0F0 M2EXCEPTION_IsM2Exception
_TEXT   2E120 M2EXCEPTION_M2Exception
_TEXT   2E190 M2EXCEPTION_BEGIN

------ file E:\XDSOS2\src\isoimp\Processe.mod (library D:\Apps\XDS\lib\x86\libxdsmt.lib)
_TEXT   2E1C0 Processes_Activate
_TEXT   2E1F0 Processes_Attach
_TEXT   2E220 Processes_Create
_TEXT   2E390 Processes_Detach
_TEXT   2E400 Processes_Handler
_TEXT   2E470 Processes_IsAttached
_TEXT   2E4C0 Processes_IsProcessesException
_TEXT   2E4D0 Processes_Me
_TEXT   2E500 Processes_MyParam
_TEXT   2E510 Processes_ProcessesException
_TEXT   2E520 Processes_Start
_TEXT   2E550 Processes_StopMe
_TEXT   2E5B0 Processes_SuspendMe
_TEXT   2E5E0 Processes_SuspendMeAndActivate
_TEXT   2E600 Processes_Switch
_TEXT   2E630 Processes_UrgencyOf
_TEXT   2E640 Processes_Wait
_TEXT   2E920 Processes_BEGIN

------ file E:\XDSOS2\src\isoimp\ProgramA.mod (library D:\Apps\XDS\lib\x86\libxdsmt.lib)
_TEXT   2E950 ProgramArgs_ArgChan
_TEXT   2E970 ProgramArgs_IsArgPresent
_TEXT   2EA10 ProgramArgs_NextArg
_TEXT   2ED60 ProgramArgs_BEGIN

------ file E:\XDSOS2\src\isoimp\STextIO.mod (library D:\Apps\XDS\lib\x86\libxdsmt.lib)
_TEXT   2EDD0 STextIO_ReadChar
_TEXT   2EDF0 STextIO_ReadRestLine
_TEXT   2EE10 STextIO_ReadString
_TEXT   2EE30 STextIO_ReadToken
_TEXT   2EE50 STextIO_SkipLine
_TEXT   2EE60 STextIO_WriteChar
_TEXT   2EE80 STextIO_WriteLn
_TEXT   2EE90 STextIO_WriteString
_TEXT   2EEB0 STextIO_BEGIN

------ file E:\XDSOS2\src\isoimp\StdChans.mod (library D:\Apps\XDS\lib\x86\libxdsmt.lib)
_TEXT   2EED0 StdChans_ErrChan
_TEXT   2EEE0 StdChans_InChan
_TEXT   2EEF0 StdChans_NullChan
_TEXT   2EF00 StdChans_OutChan
_TEXT   2EF10 StdChans_SetErrChan
_TEXT   2EF30 StdChans_SetInChan
_TEXT   2EF50 StdChans_SetOutChan
_TEXT   2EF70 StdChans_StdErrChan
_TEXT   2EF80 StdChans_StdInChan
_TEXT   2EF90 StdChans_StdOutChan
_TEXT   2F1B0 StdChans_BEGIN

------ file E:\XDSOS2\src\isoimp\Storage.mod (library D:\Apps\XDS\lib\x86\libxdsmt.lib)
_TEXT   2F230 Storage_ALLOCATE
_TEXT   2F250 Storage_DEALLOCATE
_TEXT   2F280 Storage_IsStorageException
_TEXT   2F290 Storage_StorageException
_TEXT   2F2A0 Storage_BEGIN

------ file E:\XDSOS2\src\isoimp\Strings.mod (library D:\Apps\XDS\lib\x86\libxdsmt.lib)
_TEXT   2F2C0 Strings_Append
_TEXT   2F370 Strings_Assign
_TEXT   2F400 Strings_CanAppendAll
_TEXT   2F420 Strings_CanAssignAll
_TEXT   2F430 Strings_CanConcatAll
_TEXT   2F450 Strings_CanDeleteAll
_TEXT   2F470 Strings_CanExtractAll
_TEXT   2F490 Strings_CanInsertAll
_TEXT   2F4C0 Strings_CanReplaceAll
_TEXT   2F4F0 Strings_Capitalize
_TEXT   2F530 Strings_Compare
_TEXT   2F550 Strings_Concat
_TEXT   2F600 Strings_Delete
_TEXT   2F650 Strings_Equal
_TEXT   2F680 Strings_Extract
_TEXT   2F740 Strings_FindDiff
_TEXT   2F7A0 Strings_FindNext
_TEXT   2F840 Strings_FindPrev
_TEXT   2F8E0 Strings_Insert
_TEXT   2F9E0 Strings_Length
_TEXT   2FA00 Strings_Replace
_TEXT   2FAA0 Strings_BEGIN

------ file E:\XDSOS2\src\isoimp\SysClock.mod (library D:\Apps\XDS\lib\x86\libxdsmt.lib)
_TEXT   2FAC0 SysClock_CanGetClock
_TEXT   2FAD0 SysClock_CanSetClock
_TEXT   2FAE0 SysClock_GetClock
_TEXT   2FC70 SysClock_IsValidDateTime
_TEXT   2FD00 SysClock_SetClock
_TEXT   2FDA0 SysClock_BEGIN

------ file E:\XDSOS2\src\syslib\TERMINAT.mod (library D:\Apps\XDS\lib\x86\libxdsmt.lib)
_TEXT   2FDC0 TERMINATION_HasHalted
_TEXT   2FDD0 TERMINATION_IsTerminating
_TEXT   2FDE0 X2C_HALT
_TEXT   2FE00 X2C_ABORT
_TEXT   2FEB0 X2C_FINALEXE
_TEXT   2FEE0 X2C_FINALDLL
_TEXT   2FF10 X2C_EXIT
_TEXT   2FF60 X2C_EXITDLL
_TEXT   2FF90 X2C_ini_termination
_TEXT   2FFB0 TERMINATION_BEGIN

------ file E:\XDSOS2\src\isoimp\TextIO.mod (library D:\Apps\XDS\lib\x86\libxdsmt.lib)
_TEXT   2FFD0 TextIO_ReadChar
_TEXT   2FFF0 TextIO_ReadRestLine
_TEXT   30060 TextIO_ReadString
_TEXT   30090 TextIO_ReadToken
_TEXT   301C0 TextIO_SkipLine
_TEXT   301F0 TextIO_WriteChar
_TEXT   30210 TextIO_WriteLn
_TEXT   30220 TextIO_WriteString
_TEXT   30250 TextIO_BEGIN

------ file E:\XDSOS2\src\ulib\TimeConv.mod (library D:\Apps\XDS\lib\x86\libxdsmt.lib)
_TEXT   30270 TimeConv_AddDateDays
_TEXT   30310 TimeConv_AddDateSecs
_TEXT   303F0 TimeConv_Compare
_TEXT   30480 TimeConv_SubDateDays
_TEXT   304F0 TimeConv_SubDateSecs
_TEXT   30560 TimeConv_TheDayNumber
_TEXT   305B0 TimeConv_TheFractionNumber
_TEXT   30610 TimeConv_WeekDay
_TEXT   30640 TimeConv_millisecs
_TEXT   306A0 TimeConv_pack
_TEXT   30710 TimeConv_time
_TEXT   30740 TimeConv_unpack
_TEXT   30760 TimeConv_weekday
_TEXT   30C20 TimeConv_BEGIN

------ file src\xr\x86\X2C.asm (library D:\Apps\XDS\lib\x86\libxdsmt.lib)
_TEXT   30D00 X2J_double2long
_TEXT   30D13 X2C_TRUNCI64
_TEXT   30DFB X2C_assign_acav
_TEXT   30DFB _X2C_assign_acav
_TEXT   30E0E X2C_wasNLibInit
_TEXT   30E14 X2C_makeNLibInit
_TEXT   30E1F X2C_wasXEntry
_TEXT   30E25 X2C_makeXEntry

------ file src\xr\x86\fppclr.asm (library D:\Apps\XDS\lib\x86\libxdsmt.lib)
_TEXT   30E30 X2C_ClearFPP
_TEXT   30E74 X2C_InitFPP

------ file src\xr\x86\iscall.asm (library D:\Apps\XDS\lib\x86\libxdsmt.lib)
_TEXT   30E90 _X2C_IS_CALL
_TEXT   30E90 X2C_IS_CALL

------ file E:\XDSOS2\src\ulib\platform.mod (library D:\Apps\XDS\lib\x86\libxdsmt.lib)
_TEXT   30F30 platform_IsPathDelim
_TEXT   30F50 platform_BEGIN

------ file src\xr\x86\rttraps.asm (library D:\Apps\XDS\lib\x86\libxdsmt.lib)
_TEXT   30F70 X2C_TRAP_RANGE
_TEXT   30F79 X2C_TRAP_OVERFL
_TEXT   30F82 X2C_TRAP_NIL
_TEXT   30F8B X2C_TRAP_DIV
_TEXT   30F94 X2C_TRAP_INDEX
_TEXT   30F9D X2C_TRAP_BREAK
_TEXT   30FA8 X2C_TrapFJump

------ file src\os\os2\sel2flat.asm (library D:\Apps\XDS\lib\x86\libxdsmt.lib)
_TEXT   30FB4 X2C_SEL2FLAT

------ file src\xr\x86\setjmp.asm (library D:\Apps\XDS\lib\x86\libxdsmt.lib)
_TEXT   30FC0 _setjmp
_TEXT   30FC0 X2C_setjmp
_TEXT   30FC0 _X2C_setjmp
_TEXT   30FC0 setjmp
_TEXT   31001 longjmp
_TEXT   31001 _longjmp

------ file E:\XDSOS2\src\lib\xDevData.mod (library D:\Apps\XDS\lib\x86\libxdsmt.lib)
_TEXT   31060 xDevData_Close
_TEXT   310D0 xDevData_CurrentPos
_TEXT   31150 xDevData_ForbidAll
_TEXT   31190 xDevData_GetDID
_TEXT   311A0 xDevData_GetDevData
_TEXT   311B0 xDevData_HardError
_TEXT   311F0 xDevData_Length
_TEXT   312B0 xDevData_MakeName
_TEXT   31320 xDevData_Open
_TEXT   31580 xDevData_SetMode
_TEXT   315E0 xDevData_SetPos
_TEXT   31760 xDevData_SoftError
_TEXT   317A0 xDevData_UnMakeName
_TEXT   325C0 xDevData_BEGIN

------ file E:\XDSOS2\src\os\os2\xosCodeS.mod (library D:\Apps\XDS\lib\x86\libxdsmt.lib)
_TEXT   32620 xosCodeSeg_calcCodeExtent
_TEXT   326F0 xosCodeSeg_BEGIN

------ file E:\XDSOS2\src\os\os2\xosDirs.mod (library D:\Apps\XDS\lib\x86\libxdsmt.lib)
_TEXT   32710 X2C_CreateDirectory
_TEXT   32740 X2C_DirClose
_TEXT   32790 X2C_DirGetName
_TEXT   32800 X2C_DirNext
_TEXT   32860 X2C_DirOpen
_TEXT   32940 X2C_GetCDName
_TEXT   32A00 X2C_GetCDNameLength
_TEXT   32A30 X2C_RemoveDirectory
_TEXT   32A50 X2C_SetCD
_TEXT   32B80 xosDirs_BEGIN

------ file E:\XDSOS2\src\os\os2\xosExit.mod (library D:\Apps\XDS\lib\x86\libxdsmt.lib)
_TEXT   32BA0 X2C_atexit
_TEXT   32BD0 X2C_doexit
_TEXT   32C10 xosExit_BEGIN

------ file E:\XDSOS2\src\os\os2\xosFS.mod (library D:\Apps\XDS\lib\x86\libxdsmt.lib)
_TEXT   32C30 X2C_Exists
_TEXT   32C60 X2C_FullName
_TEXT   32D10 X2C_ModifyTime
_TEXT   32DB0 X2C_Remove
_TEXT   32DC0 X2C_Rename
_TEXT   32DE0 xosFS_BEGIN

------ file E:\XDSOS2\src\os\os2\xosFileI.mod (library D:\Apps\XDS\lib\x86\libxdsmt.lib)
_TEXT   32E00 X2C_FileClose
_TEXT   32E10 X2C_FileOpenRead
_TEXT   32E50 X2C_FileOpenWrite
_TEXT   32E90 X2C_FileRead
_TEXT   32EB0 X2C_FileSeek
_TEXT   32EE0 X2C_FileWrite
_TEXT   32F10 X2C_StdOut
_TEXT   32F30 xosFileIO_BEGIN

------ file E:\XDSOS2\src\os\os2\xosFiles.mod (library D:\Apps\XDS\lib\x86\libxdsmt.lib)
_TEXT   32F50 X2C_GetModuleName
_TEXT   32F70 X2C_IsMixAllowed
_TEXT   32F80 X2C_fChSize
_TEXT   32FC0 X2C_fClose
_TEXT   32FD0 X2C_fFlush
_TEXT   32FE0 X2C_fGetFileType
_TEXT   33030 X2C_fGetStd
_TEXT   33060 X2C_fGetXAttrs
_TEXT   33090 X2C_fOpen
_TEXT   33140 X2C_fRead
_TEXT   33160 X2C_fSeek
_TEXT   331E0 X2C_fSetStd
_TEXT   331F0 X2C_fSetXAttrs
_TEXT   33210 X2C_fSize
_TEXT   33290 X2C_fTell
_TEXT   332D0 X2C_fWrite
_TEXT   33340 xosFiles_BEGIN

------ file E:\XDSOS2\src\os\xosFmtIO.mod (library D:\Apps\XDS\lib\x86\libxdsmt.lib)
_TEXT   33360 X2C_DecToStr
_TEXT   333E0 X2C_HexToStr
_TEXT   33420 X2C_StdOutD
_TEXT   334A0 X2C_StdOutH
_TEXT   33510 X2C_StdOutS
_TEXT   33590 xosFmtIO_BEGIN

------ file E:\XDSOS2\src\os\os2\xosFmtNL.mod (library D:\Apps\XDS\lib\x86\libxdsmt.lib)
_TEXT   335B0 X2C_StdOutN
_TEXT   335C0 xosFmtNL_BEGIN

------ file E:\XDSOS2\src\os\os2\xosIpts.mod (library D:\Apps\XDS\lib\x86\libxdsmt.lib)
_TEXT   335E0 X2C_DisableIpts
_TEXT   335F0 X2C_EnableIpts
_TEXT   33600 X2C_RestoreIptHandler
_TEXT   33610 X2C_SaveIptHandler
_TEXT   33620 X2C_SetIptHandler
_TEXT   33630 xosIpts_BEGIN

------ file E:\XDSOS2\src\os\os2\xosMallo.mod (library D:\Apps\XDS\lib\x86\libxdsmt.lib)
_TEXT   33650 X2C_InitHeap
_TEXT   336D0 X2C_ZeroMem
_TEXT   336F0 X2C_free
_TEXT   33710 X2C_gfree
_TEXT   33720 X2C_gmalloc
_TEXT   33740 X2C_malloc
_TEXT   33770 xosMalloc_BEGIN

------ file E:\XDSOS2\src\os\os2\xosMem.mod (library D:\Apps\XDS\lib\x86\libxdsmt.lib)
_TEXT   33790 X2C_AllocMem
_TEXT   337E0 X2C_InitMem
_TEXT   33830 xosMem_BEGIN

------ file E:\XDSOS2\src\os\os2\xosThrea.mod (library D:\Apps\XDS\lib\x86\libxdsmt.lib)
_TEXT   33850 X2C_AcquireBoolSemaphore
_TEXT   33870 X2C_AcquireSemaphore
_TEXT   33920 X2C_CreateBoolSemaphore
_TEXT   33950 X2C_CreateMutex
_TEXT   33980 X2C_CreateSemaphore
_TEXT   33A20 X2C_CreateThread
_TEXT   33AC0 X2C_CurrentThread
_TEXT   33AF0 X2C_DeleteBoolSemaphore
_TEXT   33B00 X2C_DeleteMutex
_TEXT   33B10 X2C_DeleteSemaphore
_TEXT   33B40 X2C_DeleteThread
_TEXT   33B50 X2C_EnterMutex
_TEXT   33B70 X2C_ExitMutex
_TEXT   33B80 X2C_ExitThread
_TEXT   33B90 X2C_GetMyThreadId
_TEXT   33BA0 X2C_GetThreadWord
_TEXT   33BB0 X2C_INIT_THREADS
_TEXT   33BD0 X2C_MyThreadHandle
_TEXT   33BE0 X2C_ReleaseSemaphore
_TEXT   33C20 X2C_ResetBoolSemaphore
_TEXT   33C40 X2C_ResumeThread
_TEXT   33C50 X2C_SemaphoreToEvent
_TEXT   33C60 X2C_SetBoolSemaphore
_TEXT   33C70 X2C_SetThreadWord
_TEXT   33C80 X2C_SuspendThread
_TEXT   33C90 X2C_SyncThreadState
_TEXT   33CA0 X2C_WaitEvents
_TEXT   33D90 xosThreads_BEGIN

------ file E:\XDSOS2\src\os\os2\xosTime.mod (library D:\Apps\XDS\lib\x86\libxdsmt.lib)
_TEXT   33DB0 X2C_CanGetTime
_TEXT   33DC0 X2C_CanSetTime
_TEXT   33DD0 X2C_FracsPerSec
_TEXT   33DE0 X2C_GetTime
_TEXT   33E50 X2C_SetTime
_TEXT   33EA0 xosTime_BEGIN

------ file E:\XDSOS2\src\xr\x86\xrAReal.mod (library D:\Apps\XDS\lib\x86\libxdsmt.lib)
_TEXT   33EC0 X2C_ENTIER
_TEXT   33F10 X2C_TRUNCC
_TEXT   33F80 X2C_TRUNCI
_TEXT   34010 xrAReal_BEGIN

------ file E:\XDSOS2\src\xr\xrExcept.mod (library D:\Apps\XDS\lib\x86\libxdsmt.lib)
_TEXT   34030 X2C_ASSERT_F
_TEXT   340D0 X2C_TRAP_F
_TEXT   34180 X2C_TRAP_G
_TEXT   34230 X2C_XInitHandler
_TEXT   34250 X2C_XOFF
_TEXT   34260 X2C_XON
_TEXT   34270 X2C_XREMOVE
_TEXT   342C0 X2C_XRETRY
_TEXT   34300 X2C_doRaise
_TEXT   34330 X2C_init_exceptions
_TEXT   34940 xrExceptions_BEGIN

------ file E:\XDSOS2\src\xr\x86\xrHistor.mod (library D:\Apps\XDS\lib\x86\libxdsmt.lib)
_TEXT   34960 X2C_scanStackHistory
_TEXT   34980 X2C_show_history
_TEXT   34990 X2C_show_profile
_TEXT   349A0 xrHistory_BEGIN

------ file E:\XDSOS2\src\xr\xrInt64.mod (library D:\Apps\XDS\lib\x86\libxdsmt.lib)
_TEXT   349C0 X2C_64TOCARD
_TEXT   349F0 X2C_64TOINT
_TEXT   34A40 X2C_ADD64
_TEXT   34AF0 X2C_CARDTO64
_TEXT   34B10 X2C_CMP64
_TEXT   34BB0 X2C_INTTO64
_TEXT   34BD0 X2C_IsNeg64
_TEXT   34C00 X2C_MUL64
_TEXT   34C60 X2C_UnMinus64
_TEXT   34E80 xrInt64_BEGIN

------ file E:\XDSOS2\src\xr\xrM2MM.mod (library D:\Apps\XDS\lib\x86\libxdsmt.lib)
_TEXT   34EA0 X2C_ALLOCATE
_TEXT   34EE0 X2C_DEALLOCATE
_TEXT   34F60 X2C_DYNALLOCATE
_TEXT   34FD0 X2C_DYNCALLOCATE
_TEXT   35070 X2C_DYNCDEALLOCATE
_TEXT   35090 X2C_DYNDEALLOCATE
_TEXT   35130 xrM2MM_BEGIN

------ file E:\XDSOS2\src\xr\xrMM.mod (library D:\Apps\XDS\lib\x86\libxdsmt.lib)
_TEXT   35150 xrMM_Align
_TEXT   35170 xrMM_DynarrDescSize
_TEXT   35180 xrMM_MakeBusy
_TEXT   351F0 xrMM_MakeFree
_TEXT   35260 xrMM_SetGap
_TEXT   35290 xrMM_SetNil
_TEXT   352B0 X2C_COLLECT
_TEXT   352E0 X2C_GC_INCREASE
_TEXT   35360 X2C_GC_INIT
_TEXT   35540 X2C_InitDesc
_TEXT   355A0 xrMM_allocate
_TEXT   35780 xrMM_dealloc
_TEXT   35980 xrMM_free_block
_TEXT   35A10 xrMM_ini_type_desc
_TEXT   35EF0 xrMM_BEGIN

------ file E:\XDSOS2\src\xr\xrO2MM.mod (library D:\Apps\XDS\lib\x86\libxdsmt.lib)
_TEXT   35F10 X2C_DESTRUCTOR
_TEXT   35FC0 X2C_DISABLE_COMPONENT
_TEXT   36080 X2C_DISPOSE
_TEXT   36130 X2C_MODULEDLL
_TEXT   36230 X2C_MODULEXE
_TEXT   362B0 X2C_NEW
_TEXT   36320 X2C_NEW_OPEN
_TEXT   37710 xrO2MM_BEGIN

------ file E:\XDSOS2\src\xr\xrThread.mod (library D:\Apps\XDS\lib\x86\libxdsmt.lib)
_TEXT   37730 X2C_DelMutex
_TEXT   37760 X2C_FreeAfterGC
_TEXT   377A0 X2C_FreeMutex
_TEXT   377C0 X2C_GetCurrent
_TEXT   377D0 X2C_InitThreads
_TEXT   378A0 X2C_LockMutex
_TEXT   378C0 X2C_NewMutex
_TEXT   378F0 X2C_PrepareToGC
_TEXT   37A00 X2C_RegisterThread
_TEXT   37A60 X2C_SetCurrent
_TEXT   37A70 X2C_StartIterateThreads
_TEXT   37A80 X2C_StopIterateThreads
_TEXT   37A90 X2C_UnregisterThread
_TEXT   37B20 xrThreads_BEGIN

------ file E:\XDSOS2\src\xr\x86\xrnCorou.mod (library D:\Apps\XDS\lib\x86\libxdsmt.lib)
_TEXT   37B40 X2C_CopyJmpBuf
_TEXT   37B70 X2C_IOTRANSFER
_TEXT   37C50 X2C_InitCoroutine
_TEXT   37CA0 X2C_LockCoroutines
_TEXT   37CB0 X2C_NEWPROCESS
_TEXT   37D00 X2C_PROTECT
_TEXT   37D30 X2C_RegisterCoroutine
_TEXT   37D50 X2C_TRANSFER
_TEXT   37DF0 X2C_UnlockCoroutines
_TEXT   37E00 X2C_UnregisterCoroutine
_TEXT   37E20 X2C_ini_coroutines
_TEXT   37EB0 X2C_reg_stackbotm
_TEXT   38090 xrnCoroutines_BEGIN

------ file E:\XDSOS2\src\os\xrnShowH.mod (library D:\Apps\XDS\lib\x86\libxdsmt.lib)
_TEXT   380B0 X2C_EXIT_HISTORY
_TEXT   38110 X2C_HISTORY_ON
_TEXT   38130 X2C_HISTORY_REG
_TEXT   381C0 X2C_IS_CODESEG
_TEXT   38560 xrnShowHistory_BEGIN

------ file E:\XDSOS2\src\os\os2\xrnStart.mod (library D:\Apps\XDS\lib\x86\libxdsmt.lib)
_TEXT   38580 X2C_EstablishMain
_TEXT   38590 X2C_SetBreakHandler
_TEXT   385A0 X2C_SetOSXHandler
_TEXT   385C0 X2C_xStart
_TEXT   38B10 xrnStart_BEGIN

------ file src\xr\x86\xrnStk.asm (library D:\Apps\XDS\lib\x86\libxdsmt.lib)
_TEXT   38B30 X2C_StackTop
_TEXT   38B30 _X2C_StackTop

------ file E:\XDSOS2\src\xr\x86\xrnStkSc.mod (library D:\Apps\XDS\lib\x86\libxdsmt.lib)
_TEXT   38B40 X2C_STACK_SCAN_PROC
_TEXT   38D40 xrnStkScan_BEGIN

------ file E:\XDSOS2\src\xr\x86\xrnX2C.mod (library D:\Apps\XDS\lib\x86\libxdsmt.lib)
_TEXT   38D60 X2C_BEGIN
_TEXT   38DA0 X2C_BEGINDLL
_TEXT   38E30 xrnX2C_BEGIN

------ file src\xr\x86\xrnacmp.asm (library D:\Apps\XDS\lib\x86\libxdsmt.lib)
_TEXT   38E50 _X2C_adr_lss
_TEXT   38E50 X2C_adr_lss
_TEXT   38E5C X2C_adr_gtr
_TEXT   38E5C _X2C_adr_gtr

------ file src\xr\x86\xrnmems.asm (library D:\Apps\XDS\lib\x86\libxdsmt.lib)
_TEXT   38E68 _X2C_MEMSET
_TEXT   38E68 X2C_MEMSET

------ file src\xr\x86\xrnmlng.asm (library D:\Apps\XDS\lib\x86\libxdsmt.lib)
_TEXT   38F1C X2C_long
_TEXT   38F2B X2C_longl
_TEXT   38F3A X2C_ulong
_TEXT   38F4D X2C_ulongl

------ file src\xr\x86\xrnstrcm.asm (library D:\Apps\XDS\lib\x86\libxdsmt.lib)
_TEXT   38F60 _X2C_STRCMP_PROC
_TEXT   38F60 X2C_STRCMP_PROC

------ file src\xr\x86\xrnstrle.asm (library D:\Apps\XDS\lib\x86\libxdsmt.lib)
_TEXT   390C0 _X2C_LENGTH
_TEXT   390C0 X2C_LENGTH

------ file E:\th024.c (library D:\Apps\XDS\lib\x86\libxdsmt.lib)
_TEXT   3914C VioGetCurPos

------ file E:\th025.c (library D:\Apps\XDS\lib\x86\libxdsmt.lib)
_TEXT   39196 VioSetCurPos

------ file E:\th028.c (library D:\Apps\XDS\lib\x86\libxdsmt.lib)
_TEXT   391D8 VioGetMode

------ file E:\th032.c (library D:\Apps\XDS\lib\x86\libxdsmt.lib)
_TEXT   39215 VioReadCharStr

------ file E:\th034.c (library D:\Apps\XDS\lib\x86\libxdsmt.lib)
_TEXT   39271 VioWrtCharStr

------ file E:\th036.c (library D:\Apps\XDS\lib\x86\libxdsmt.lib)
_TEXT   392C9 VioScrollUp

------ file E:\th040.c (library D:\Apps\XDS\lib\x86\libxdsmt.lib)
_TEXT   39333 VioWrtNCell

------ file thunk.asm (library D:\Apps\XDS\lib\x86\libxdsmt.lib)
_TEXT   3938C __Thunk
_TEXT   393DB __CallFar16
_TEXT   39425 __FlatToSel
_TEXT   3942E __SelToFlat

------ file src\xr\x86\X2C.asm (library D:\Apps\XDS\lib\x86\libxdsmt.lib)
_DATA   52354 X2C_HisList

------ file src\xr\x86\fppclr.asm (library D:\Apps\XDS\lib\x86\libxdsmt.lib)
_DATA   52370 X2C_FLT_USED

------ file src\xr\x86\xrnincls.asm (library D:\Apps\XDS\lib\x86\libxdsmt.lib)
_DATA   5272C X2C_INCLs

------ file D:\pmos2\src\RandCard.mod
_BSS    A3460 RandCard_seed

------ file src\xr\x86\X2C.asm (library D:\Apps\XDS\lib\x86\libxdsmt.lib)
_BSS    A43C0 X2C_argc
_BSS    A43C0 _X2C_argc
_BSS    A43C4 _X2C_argv
_BSS    A43C4 X2C_argv
_BSS    A43C8 X2C_sysarg
_BSS    A43C8 _X2C_sysarg

------ file E:\XDSOS2\src\xr\xmRTS.mod (library D:\Apps\XDS\lib\x86\libxdsmt.lib)
_BSS    A4400 X2C_MODULES
_BSS    A4404 X2C_assertSrc
_BSS    A4408 X2C_busymem
_BSS    A440C X2C_fs_init
_BSS    A440D X2C_hline
_BSS    A4411 X2C_maxmem
_BSS    A4415 X2C_objects
_BSS    A4419 X2C_rtsSource
_BSS    A441D X2C_threshold
_BSS    A4421 X2C_usedmem
_BSS    A4425 x2c_td_null
_BSS    A4429 x2c_td_ptr

------ file E:\XDSOS2\src\xr\x86\xrHistor.mod (library D:\Apps\XDS\lib\x86\libxdsmt.lib)
_BSS    A4E90 X2C_hisShow
_BSS    A4E94 X2C_stkScan

------ file E:\XDSOS2\src\xr\xrMM.mod (library D:\Apps\XDS\lib\x86\libxdsmt.lib)
_BSS    A4ED0 xrMM_COLLECTOR
_BSS    A4ED4 xrMM_DoDefrag
_BSS    A4ED5 xrMM_GCAUTO
_BSS    A4ED6 xrMM_GCTHRESCNT
_BSS    A4EDA xrMM_O2MM_init
_BSS    A4EDB xrMM_b_blocks
_BSS    A4F0F xrMM_blk_max
_BSS    A4F13 xrMM_blk_min
_BSS    A4F17 xrMM_blockno
_BSS    A4F1B xrMM_cur_offs
_BSS    A4F1F xrMM_cur_td
_BSS    A4F23 xrMM_f_blocks
_BSS    A4F57 xrMM_parts
